Archive member included to satisfy reference by file (symbol)

C:/Users/hjeong/AppData/Local/Temp/claude/w--soc3050code/a559e7a7-84e8-4ace-bbb4-6c9199cf5364/scratchpad/xpack-arm-none-eabi-gcc-15.2.1-1.1/bin/../lib/gcc/arm-none-eabi/15.2.1/../../../../arm-none-eabi/lib/thumb/v7-m/nofp\libg_nano.a(libc_a-atexit.o)
                              C:/Users/hjeong/AppData/Local/Temp/claude/w--soc3050code/a559e7a7-84e8-4ace-bbb4-6c9199cf5364/scratchpad/xpack-arm-none-eabi-gcc-15.2.1-1.1/bin/../lib/gcc/arm-none-eabi/15.2.1/../../../../arm-none-eabi/lib/thumb/v7-m/nofp/crt0.o (atexit)
C:/Users/hjeong/AppData/Local/Temp/claude/w--soc3050code/a559e7a7-84e8-4ace-bbb4-6c9199cf5364/scratchpad/xpack-arm-none-eabi-gcc-15.2.1-1.1/bin/../lib/gcc/arm-none-eabi/15.2.1/../../../../arm-none-eabi/lib/thumb/v7-m/nofp\libg_nano.a(libc_a-exit.o)
                              C:/Users/hjeong/AppData/Local/Temp/claude/w--soc3050code/a559e7a7-84e8-4ace-bbb4-6c9199cf5364/scratchpad/xpack-arm-none-eabi-gcc-15.2.1-1.1/bin/../lib/gcc/arm-none-eabi/15.2.1/../../../../arm-none-eabi/lib/thumb/v7-m/nofp/crt0.o (exit)
C:/Users/hjeong/AppData/Local/Temp/claude/w--soc3050code/a559e7a7-84e8-4ace-bbb4-6c9199cf5364/scratchpad/xpack-arm-none-eabi-gcc-15.2.1-1.1/bin/../lib/gcc/arm-none-eabi/15.2.1/../../../../arm-none-eabi/lib/thumb/v7-m/nofp\libg_nano.a(libc_a-findfp.o)
                              C:/Users/hjeong/AppData/Local/Temp/claude/w--soc3050code/a559e7a7-84e8-4ace-bbb4-6c9199cf5364/scratchpad/xpack-arm-none-eabi-gcc-15.2.1-1.1/bin/../lib/gcc/arm-none-eabi/15.2.1/../../../../arm-none-eabi/lib/thumb/v7-m/nofp\libg_nano.a(libc_a-exit.o) (__stdio_exit_handler)
C:/Users/hjeong/AppData/Local/Temp/claude/w--soc3050code/a559e7a7-84e8-4ace-bbb4-6c9199cf5364/scratchpad/xpack-arm-none-eabi-gcc-15.2.1-1.1/bin/../lib/gcc/arm-none-eabi/15.2.1/../../../../arm-none-eabi/lib/thumb/v7-m/nofp\libg_nano.a(libc_a-fwalk.o)
                              C:/Users/hjeong/AppData/Local/Temp/claude/w--soc3050code/a559e7a7-84e8-4ace-bbb4-6c9199cf5364/scratchpad/xpack-arm-none-eabi-gcc-15.2.1-1.1/bin/../lib/gcc/arm-none-eabi/15.2.1/../../../../arm-none-eabi/lib/thumb/v7-m/nofp\libg_nano.a(libc_a-findfp.o) (_fwalk_sglue)
C:/Users/hjeong/AppData/Local/Temp/claude/w--soc3050code/a559e7a7-84e8-4ace-bbb4-6c9199cf5364/scratchpad/xpack-arm-none-eabi-gcc-15.2.1-1.1/bin/../lib/gcc/arm-none-eabi/15.2.1/../../../../arm-none-eabi/lib/thumb/v7-m/nofp\libg_nano.a(libc_a-printf.o)
                              C:\Users\hjeong\AppData\Local\Temp\ccCvTrZh.o (printf)
C:/Users/hjeong/AppData/Local/Temp/claude/w--soc3050code/a559e7a7-84e8-4ace-bbb4-6c9199cf5364/scratchpad/xpack-arm-none-eabi-gcc-15.2.1-1.1/bin/../lib/gcc/arm-none-eabi/15.2.1/../../../../arm-none-eabi/lib/thumb/v7-m/nofp\libg_nano.a(libc_a-puts.o)
                              C:\Users\hjeong\AppData\Local\Temp\ccCvTrZh.o (puts)
C:/Users/hjeong/AppData/Local/Temp/claude/w--soc3050code/a559e7a7-84e8-4ace-bbb4-6c9199cf5364/scratchpad/xpack-arm-none-eabi-gcc-15.2.1-1.1/bin/../lib/gcc/arm-none-eabi/15.2.1/../../../../arm-none-eabi/lib/thumb/v7-m/nofp\libg_nano.a(libc_a-stdio.o)
                              C:/Users/hjeong/AppData/Local/Temp/claude/w--soc3050code/a559e7a7-84e8-4ace-bbb4-6c9199cf5364/scratchpad/xpack-arm-none-eabi-gcc-15.2.1-1.1/bin/../lib/gcc/arm-none-eabi/15.2.1/../../../../arm-none-eabi/lib/thumb/v7-m/nofp\libg_nano.a(libc_a-findfp.o) (__sread)
C:/Users/hjeong/AppData/Local/Temp/claude/w--soc3050code/a559e7a7-84e8-4ace-bbb4-6c9199cf5364/scratchpad/xpack-arm-none-eabi-gcc-15.2.1-1.1/bin/../lib/gcc/arm-none-eabi/15.2.1/../../../../arm-none-eabi/lib/thumb/v7-m/nofp\libg_nano.a(libc_a-wbuf.o)
                              C:/Users/hjeong/AppData/Local/Temp/claude/w--soc3050code/a559e7a7-84e8-4ace-bbb4-6c9199cf5364/scratchpad/xpack-arm-none-eabi-gcc-15.2.1-1.1/bin/../lib/gcc/arm-none-eabi/15.2.1/../../../../arm-none-eabi/lib/thumb/v7-m/nofp\libg_nano.a(libc_a-puts.o) (__swbuf_r)
C:/Users/hjeong/AppData/Local/Temp/claude/w--soc3050code/a559e7a7-84e8-4ace-bbb4-6c9199cf5364/scratchpad/xpack-arm-none-eabi-gcc-15.2.1-1.1/bin/../lib/gcc/arm-none-eabi/15.2.1/../../../../arm-none-eabi/lib/thumb/v7-m/nofp\libg_nano.a(libc_a-wsetup.o)
                              C:/Users/hjeong/AppData/Local/Temp/claude/w--soc3050code/a559e7a7-84e8-4ace-bbb4-6c9199cf5364/scratchpad/xpack-arm-none-eabi-gcc-15.2.1-1.1/bin/../lib/gcc/arm-none-eabi/15.2.1/../../../../arm-none-eabi/lib/thumb/v7-m/nofp\libg_nano.a(libc_a-puts.o) (__swsetup_r)
C:/Users/hjeong/AppData/Local/Temp/claude/w--soc3050code/a559e7a7-84e8-4ace-bbb4-6c9199cf5364/scratchpad/xpack-arm-none-eabi-gcc-15.2.1-1.1/bin/../lib/gcc/arm-none-eabi/15.2.1/../../../../arm-none-eabi/lib/thumb/v7-m/nofp\libg_nano.a(libc_a-memset.o)
[...]
Memory Configuration

Name             Origin             Length             Attributes
FLASH            0x08000000         0x00010000         xr
RAM              0x20000000         0x00005000         rw
*default*        0x00000000         0xffffffff

Linker script and memory map

LOAD C:/Users/hjeong/AppData/Local/Temp/claude/w--soc3050code/a559e7a7-84e8-4ace-bbb4-6c9199cf5364/scratchpad/xpack-arm-none-eabi-gcc-15.2.1-1.1/bin/../lib/gcc/arm-none-eabi/15.2.1/thumb/v7-m/nofp/crti.o
LOAD C:/Users/hjeong/AppData/Local/Temp/claude/w--soc3050code/a559e7a7-84e8-4ace-bbb4-6c9199cf5364/scratchpad/xpack-arm-none-eabi-gcc-15.2.1-1.1/bin/../lib/gcc/arm-none-eabi/15.2.1/thumb/v7-m/nofp/crtbegin.o
LOAD C:/Users/hjeong/AppData/Local/Temp/claude/w--soc3050code/a559e7a7-84e8-4ace-bbb4-6c9199cf5364/scratchpad/xpack-arm-none-eabi-gcc-15.2.1-1.1/bin/../lib/gcc/arm-none-eabi/15.2.1/../../../../arm-none-eabi/lib/thumb/v7-m/nofp/crt0.o
LOAD C:\Users\hjeong\AppData\Local\Temp\ccEPMqJj.o
LOAD C:\Users\hjeong\AppData\Local\Temp\ccCvTrZh.o
START GROUP
LOAD C:/Users/hjeong/AppData/Local/Temp/claude/w--soc3050code/a559e7a7-84e8-4ace-bbb4-6c9199cf5364/scratchpad/xpack-arm-none-eabi-gcc-15.2.1-1.1/bin/../lib/gcc/arm-none-eabi/15.2.1/thumb/v7-m/nofp\libgcc.a
LOAD C:/Users/hjeong/AppData/Local/Temp/claude/w--soc3050code/a559e7a7-84e8-4ace-bbb4-6c9199cf5364/scratchpad/xpack-arm-none-eabi-gcc-15.2.1-1.1/bin/../lib/gcc/arm-none-eabi/15.2.1/../../../../arm-none-eabi/lib/thumb/v7-m/nofp\libg_nano.a
LOAD C:/Users/hjeong/AppData/Local/Temp/claude/w--soc3050code/a559e7a7-84e8-4ace-bbb4-6c9199cf5364/scratchpad/xpack-arm-none-eabi-gcc-15.2.1-1.1/bin/../lib/gcc/arm-none-eabi/15.2.1/../../../../arm-none-eabi/lib/thumb/v7-m/nofp\libc_nano.a
END GROUP
START GROUP
LOAD C:/Users/hjeong/AppData/Local/Temp/claude/w--soc3050code/a559e7a7-84e8-4ace-bbb4-6c9199cf5364/scratchpad/xpack-arm-none-eabi-gcc-15.2.1-1.1/bin/../lib/gcc/arm-none-eabi/15.2.1/thumb/v7-m/nofp\libgcc.a
LOAD C:/Users/hjeong/AppData/Local/Temp/claude/w--soc3050code/a559e7a7-84e8-4ace-bbb4-6c9199cf5364/scratchpad/xpack-arm-none-eabi-gcc-15.2.1-1.1/bin/../lib/gcc/arm-none-eabi/15.2.1/../../../../arm-none-eabi/lib/thumb/v7-m/nofp\libc_nano.a
LOAD C:/Users/hjeong/AppData/Local/Temp/claude/w--soc3050code/a559e7a7-84e8-4ace-bbb4-6c9199cf5364/scratchpad/xpack-arm-none-eabi-gcc-15.2.1-1.1/bin/../lib/gcc/arm-none-eabi/15.2.1/../../../../arm-none-eabi/lib/thumb/v7-m/nofp\libnosys.a
END GROUP
START GROUP
LOAD C:/Users/hjeong/AppData/Local/Temp/claude/w--soc3050code/a559e7a7-84e8-4ace-bbb4-6c9199cf5364/scratchpad/xpack-arm-none-eabi-gcc-15.2.1-1.1/bin/../lib/gcc/arm-none-eabi/15.2.1/thumb/v7-m/nofp\libgcc.a
LOAD C:/Users/hjeong/AppData/Local/Temp/claude/w--soc3050code/a559e7a7-84e8-4ace-bbb4-6c9199cf5364/scratchpad/xpack-arm-none-eabi-gcc-15.2.1-1.1/bin/../lib/gcc/arm-none-eabi/15.2.1/../../../../arm-none-eabi/lib/thumb/v7-m/nofp\libc_nano.a
LOAD C:/Users/hjeong/AppData/Local/Temp/claude/w--soc3050code/a559e7a7-84e8-4ace-bbb4-6c9199cf5364/scratchpad/xpack-arm-none-eabi-gcc-15.2.1-1.1/bin/../lib/gcc/arm-none-eabi/15.2.1/../../../../arm-none-eabi/lib/thumb/v7-m/nofp\libnosys.a
END GROUP
LOAD C:/Users/hjeong/AppData/Local/Temp/claude/w--soc3050code/a559e7a7-84e8-4ace-bbb4-6c9199cf5364/scratchpad/xpack-arm-none-eabi-gcc-15.2.1-1.1/bin/../lib/gcc/arm-none-eabi/15.2.1/thumb/v7-m/nofp/crtend.o
LOAD C:/Users/hjeong/AppData/Local/Temp/claude/w--soc3050code/a559e7a7-84e8-4ace-bbb4-6c9199cf5364/scratchpad/xpack-arm-none-eabi-gcc-15.2.1-1.1/bin/../lib/gcc/arm-none-eabi/15.2.1/thumb/v7-m/nofp/crtn.o
                0x20005000                        _estack = (ORIGIN (RAM) + LENGTH (RAM))
                0x00000200                        _Min_Heap_Size = 0x200
                0x00000400                        _Min_Stack_Size = 0x400

.isr_vector     0x08000000       0xdc
                0x08000000                        . = ALIGN (0x4)
 *(.isr_vector)
 .isr_vector    0x08000000       0xdc C:\Users\hjeong\AppData\Local\Temp\ccEPMqJj.o
                0x08000000                vectors
                0x080000dc                        . = ALIGN (0x4)

.text           0x080000dc     0x1134
                0x080000dc                        . = ALIGN (0x4)
 *(.text)
 *(.text*)
 .text.__do_global_dtors_aux
                0x080000dc       0x28 C:/Users/hjeong/AppData/Local/Temp/claude/w--soc3050code/a559e7a7-84e8-4ace-bbb4-6c9199cf5364/scratchpad/xpack-arm-none-eabi-gcc-15.2.1-1.1/bin/../lib/gcc/arm-none-eabi/15.2.1/thumb/v7-m/nofp/crtbegin.o
 .text.frame_dummy
                0x08000104       0x1c C:/Users/hjeong/AppData/Local/Temp/claude/w--soc3050code/a559e7a7-84e8-4ace-bbb4-6c9199cf5364/scratchpad/xpack-arm-none-eabi-gcc-15.2.1-1.1/bin/../lib/gcc/arm-none-eabi/15.2.1/thumb/v7-m/nofp/crtbegin.o
 .text.Default_Handler
                0x08000120        0x2 C:\Users\hjeong\AppData\Local\Temp\ccEPMqJj.o
                0x08000120                DebugMon_Handler
                0x08000120                HardFault_Handler
                0x08000120                SysTick_Handler
                0x08000120                PendSV_Handler
                0x08000120                NMI_Handler
                0x08000120                UsageFault_Handler
                0x08000120                Default_Handler
                0x08000120                MemManage_Handler
                0x08000120                SVC_Handler
                0x08000120                USART2_IRQHandler
                0x08000120                BusFault_Handler
 *fill*         0x08000122        0x2 
 .text.Reset_Handler
                0x08000124       0x54 C:\Users\hjeong\AppData\Local\Temp\ccEPMqJj.o
                0x08000124                Reset_Handler
 .text._write   0x08000178       0x38 C:\Users\hjeong\AppData\Local\Temp\ccCvTrZh.o
                0x08000178                _write
 .text._read    0x080001b0        0x4 C:\Users\hjeong\AppData\Local\Temp\ccCvTrZh.o
                0x080001b0                _read
 .text._close   0x080001b4        0x6 C:\Users\hjeong\AppData\Local\Temp\ccCvTrZh.o
                0x080001b4                _close
 .text._isatty  0x080001ba        0x4 C:\Users\hjeong\AppData\Local\Temp\ccCvTrZh.o
                0x080001ba                _isatty
 .text._lseek   0x080001be        0x4 C:\Users\hjeong\AppData\Local\Temp\ccCvTrZh.o
                0x080001be                _lseek
 .text._fstat   0x080001c2        0x4 C:\Users\hjeong\AppData\Local\Temp\ccCvTrZh.o
                0x080001c2                _fstat
 *fill*         0x080001c6        0x2 
 .text._sbrk    0x080001c8       0x1c C:\Users\hjeong\AppData\Local\Temp\ccCvTrZh.o
                0x080001c8                _sbrk
 .text.startup.main
                0x080001e4       0xf0 C:\Users\hjeong\AppData\Local\Temp\ccCvTrZh.o
                0x080001e4                main
 .text.std      0x080002d4       0x6c C:/Users/hjeong/AppData/Local/Temp/claude/w--soc3050code/a559e7a7-84e8-4ace-bbb4-6c9199cf5364/scratchpad/xpack-arm-none-eabi-gcc-15.2.1-1.1/bin/../lib/gcc/arm-none-eabi/15.2.1/../../../../arm-none-eabi/lib/thumb/v7-m/nofp\libg_nano.a(libc_a-findfp.o)
 .text.stdio_exit_handler
                0x08000340       0x18 C:/Users/hjeong/AppData/Local/Temp/claude/w--soc3050code/a559e7a7-84e8-4ace-bbb4-6c9199cf5364/scratchpad/xpack-arm-none-eabi-gcc-15.2.1-1.1/bin/../lib/gcc/arm-none-eabi/15.2.1/../../../../arm-none-eabi/lib/thumb/v7-m/nofp\libg_nano.a(libc_a-findfp.o)
 .text.cleanup_stdio
                0x08000358       0x40 C:/Users/hjeong/AppData/Local/Temp/claude/w--soc3050code/a559e7a7-84e8-4ace-bbb4-6c9199cf5364/scratchpad/xpack-arm-none-eabi-gcc-15.2.1-1.1/bin/../lib/gcc/arm-none-eabi/15.2.1/../../../../arm-none-eabi/lib/thumb/v7-m/nofp\libg_nano.a(libc_a-findfp.o)
 .text.global_stdio_init.part.0
                0x08000398       0x40 C:/Users/hjeong/AppData/Local/Temp/claude/w--soc3050code/a559e7a7-84e8-4ace-bbb4-6c9199cf5364/scratchpad/xpack-arm-none-eabi-gcc-15.2.1-1.1/bin/../lib/gcc/arm-none-eabi/15.2.1/../../../../arm-none-eabi/lib/thumb/v7-m/nofp\libg_nano.a(libc_a-findfp.o)
 .text.__sfp_lock_acquire
                0x080003d8        0xc C:/Users/hjeong/AppData/Local/Temp/claude/w--soc3050code/a559e7a7-84e8-4ace-bbb4-6c9199cf5364/scratchpad/xpack-arm-none-eabi-gcc-15.2.1-1.1/bin/../lib/gcc/arm-none-eabi/15.2.1/../../../../arm-none-eabi/lib/thumb/v7-m/nofp\libg_nano.a(libc_a-findfp.o)
                0x080003d8                __sfp_lock_acquire
 .text.__sfp_lock_release
                0x080003e4        0xc C:/Users/hjeong/AppData/Local/Temp/claude/w--soc3050code/a559e7a7-84e8-4ace-bbb4-6c9199cf5364/scratchpad/xpack-arm-none-eabi-gcc-15.2.1-1.1/bin/../lib/gcc/arm-none-eabi/15.2.1/../../../../arm-none-eabi/lib/thumb/v7-m/nofp\libg_nano.a(libc_a-findfp.o)
                0x080003e4                __sfp_lock_release
 .text.__sinit  0x080003f0       0x30 C:/Users/hjeong/AppData/Local/Temp/claude/w--soc3050code/a559e7a7-84e8-4ace-bbb4-6c9199cf5364/scratchpad/xpack-arm-none-eabi-gcc-15.2.1-1.1/bin/../lib/gcc/arm-none-eabi/15.2.1/../../../../arm-none-eabi/lib/thumb/v7-m/nofp\libg_nano.a(libc_a-findfp.o)
                0x080003f0                __sinit
 .text._fwalk_sglue
                0x08000420       0x3a C:/Users/hjeong/AppData/Local/Temp/claude/w--soc3050code/a559e7a7-84e8-4ace-bbb4-6c9199cf5364/scratchpad/xpack-arm-none-eabi-gcc-15.2.1-1.1/bin/../lib/gcc/arm-none-eabi/15.2.1/../../../../arm-none-eabi/lib/thumb/v7-m/nofp\libg_nano.a(libc_a-fwalk.o)
                0x08000420                _fwalk_sglue
 *fill*         0x0800045a        0x2 
 .text.printf   0x0800045c       0x24 C:/Users/hjeong/AppData/Local/Temp/claude/w--soc3050code/a559e7a7-84e8-4ace-bbb4-6c9199cf5364/scratchpad/xpack-arm-none-eabi-gcc-15.2.1-1.1/bin/../lib/gcc/arm-none-eabi/15.2.1/../../../../arm-none-eabi/lib/thumb/v7-m/nofp\libg_nano.a(libc_a-printf.o)
                0x0800045c                iprintf
                0x0800045c                printf
 .text._puts_r  0x08000480       0xaa C:/Users/hjeong/AppData/Local/Temp/claude/w--soc3050code/a559e7a7-84e8-4ace-bbb4-6c9199cf5364/scratchpad/xpack-arm-none-eabi-gcc-15.2.1-1.1/bin/../lib/gcc/arm-none-eabi/15.2.1/../../../../arm-none-eabi/lib/thumb/v7-m/nofp\libg_nano.a(libc_a-puts.o)
                0x08000480                _puts_r
 *fill*         0x0800052a        0x2 
 .text.puts     0x0800052c       0x10 C:/Users/hjeong/AppData/Local/Temp/claude/w--soc3050code/a559e7a7-84e8-4ace-bbb4-6c9199cf5364/scratchpad/xpack-arm-none-eabi-gcc-15.2.1-1.1/bin/../lib/gcc/arm-none-eabi/15.2.1/../../../../arm-none-eabi/lib/thumb/v7-m/nofp\libg_nano.a(libc_a-puts.o)
                0x0800052c                puts
 .text.__sread  0x0800053c       0x22 C:/Users/hjeong/AppData/Local/Temp/claude/w--soc3050code/a559e7a7-84e8-4ace-bbb4-6c9199cf5364/scratchpad/xpack-arm-none-eabi-gcc-15.2.1-1.1/bin/../lib/gcc/arm-none-eabi/15.2.1/../../../../arm-none-eabi/lib/thumb/v7-m/nofp\libg_nano.a(libc_a-stdio.o)
                0x0800053c                __sread
 .text.__swrite
                0x0800055e       0x38 C:/Users/hjeong/AppData/Local/Temp/claude/w--soc3050code/a559e7a7-84e8-4ace-bbb4-6c9199cf5364/scratchpad/xpack-arm-none-eabi-gcc-15.2.1-1.1/bin/../lib/gcc/arm-none-eabi/15.2.1/../../../../arm-none-eabi/lib/thumb/v7-m/nofp\libg_nano.a(libc_a-stdio.o)
                0x0800055e                __swrite
 .text.__sseek  0x08000596       0x26 C:/Users/hjeong/AppData/Local/Temp/claude/w--soc3050code/a559e7a7-84e8-4ace-bbb4-6c9199cf5364/scratchpad/xpack-arm-none-eabi-gcc-15.2.1-1.1/bin/../lib/gcc/arm-none-eabi/15.2.1/../../../../arm-none-eabi/lib/thumb/v7-m/nofp\libg_nano.a(libc_a-stdio.o)
                0x08000596                __sseek
 .text.__sclose
                0x080005bc        0x8 C:/Users/hjeong/AppData/Local/Temp/claude/w--soc3050code/a559e7a7-84e8-4ace-bbb4-6c9199cf5364/scratchpad/xpack-arm-none-eabi-gcc-15.2.1-1.1/bin/../lib/gcc/arm-none-eabi/15.2.1/../../../../arm-none-eabi/lib/thumb/v7-m/nofp\libg_nano.a(libc_a-stdio.o)
                0x080005bc                __sclose
 .text.__swbuf_r
                0x080005c4       0x7a C:/Users/hjeong/AppData/Local/Temp/claude/w--soc3050code/a559e7a7-84e8-4ace-bbb4-6c9199cf5364/scratchpad/xpack-arm-none-eabi-gcc-15.2.1-1.1/bin/../lib/gcc/arm-none-eabi/15.2.1/../../../../arm-none-eabi/lib/thumb/v7-m/nofp\libg_nano.a(libc_a-wbuf.o)
                0x080005c4                __swbuf_r
 *fill*         0x0800063e        0x2 
 .text.__swsetup_r
                0x08000640       0xa8 C:/Users/hjeong/AppData/Local/Temp/claude/w--soc3050code/a559e7a7-84e8-4ace-bbb4-6c9199cf5364/scratchpad/xpack-arm-none-eabi-gcc-15.2.1-1.1/bin/../lib/gcc/arm-none-eabi/15.2.1/../../../../arm-none-eabi/lib/thumb/v7-m/nofp\libg_nano.a(libc_a-wsetup.o)
                0x08000640                __swsetup_r
 .text.memset   0x080006e8       0x10 C:/Users/hjeong/AppData/Local/Temp/claude/w--soc3050code/a559e7a7-84e8-4ace-bbb4-6c9199cf5364/scratchpad/xpack-arm-none-eabi-gcc-15.2.1-1.1/bin/../lib/gcc/arm-none-eabi/15.2.1/../../../../arm-none-eabi/lib/thumb/v7-m/nofp\libg_nano.a(libc_a-memset.o)
                0x080006e8                memset
 .text._close_r
                0x080006f8       0x20 C:/Users/hjeong/AppData/Local/Temp/claude/w--soc3050code/a559e7a7-84e8-4ace-bbb4-6c9199cf5364/scratchpad/xpack-arm-none-eabi-gcc-15.2.1-1.1/bin/../lib/gcc/arm-none-eabi/15.2.1/../../../../arm-none-eabi/lib/thumb/v7-m/nofp\libg_nano.a(libc_a-closer.o)
                0x080006f8                _close_r
 .text._lseek_r
                0x08000718       0x24 C:/Users/hjeong/AppData/Local/Temp/claude/w--soc3050code/a559e7a7-84e8-4ace-bbb4-6c9199cf5364/scratchpad/xpack-arm-none-eabi-gcc-15.2.1-1.1/bin/../lib/gcc/arm-none-eabi/15.2.1/../../../../arm-none-eabi/lib/thumb/v7-m/nofp\libg_nano.a(libc_a-lseekr.o)
                0x08000718                _lseek_r
 .text._read_r  0x0800073c       0x24 C:/Users/hjeong/AppData/Local/Temp/claude/w--soc3050code/a559e7a7-84e8-4ace-bbb4-6c9199cf5364/scratchpad/xpack-arm-none-eabi-gcc-15.2.1-1.1/bin/../lib/gcc/arm-none-eabi/15.2.1/../../../../arm-none-eabi/lib/thumb/v7-m/nofp\libg_nano.a(libc_a-readr.o)
                0x0800073c                _read_r
 .text._write_r
                0x08000760       0x24 C:/Users/hjeong/AppData/Local/Temp/claude/w--soc3050code/a559e7a7-84e8-4ace-bbb4-6c9199cf5364/scratchpad/xpack-arm-none-eabi-gcc-15.2.1-1.1/bin/../lib/gcc/arm-none-eabi/15.2.1/../../../../arm-none-eabi/lib/thumb/v7-m/nofp\libg_nano.a(libc_a-writer.o)
                0x08000760                _write_r
 .text.__libc_init_array
                0x08000784       0x48 C:/Users/hjeong/AppData/Local/Temp/claude/w--soc3050code/a559e7a7-84e8-4ace-bbb4-6c9199cf5364/scratchpad/xpack-arm-none-eabi-gcc-15.2.1-1.1/bin/../lib/gcc/arm-none-eabi/15.2.1/../../../../arm-none-eabi/lib/thumb/v7-m/nofp\libg_nano.a(libc_a-init.o)
                0x08000784                __libc_init_array
 .text.__retarget_lock_init_recursive
                0x080007cc        0x2 C:/Users/hjeong/AppData/Local/Temp/claude/w--soc3050code/a559e7a7-84e8-4ace-bbb4-6c9199cf5364/scratchpad/xpack-arm-none-eabi-gcc-15.2.1-1.1/bin/../lib/gcc/arm-none-eabi/15.2.1/../../../../arm-none-eabi/lib/thumb/v7-m/nofp\libg_nano.a(libc_a-lock.o)
                0x080007cc                __retarget_lock_init_recursive
 .text.__retarget_lock_acquire_recursive
                0x080007ce        0x2 C:/Users/hjeong/AppData/Local/Temp/claude/w--soc3050code/a559e7a7-84e8-4ace-bbb4-6c9199cf5364/scratchpad/xpack-arm-none-eabi-gcc-15.2.1-1.1/bin/../lib/gcc/arm-none-eabi/15.2.1/../../../../arm-none-eabi/lib/thumb/v7-m/nofp\libg_nano.a(libc_a-lock.o)
                0x080007ce                __retarget_lock_acquire_recursive
 .text.__retarget_lock_release_recursive
                0x080007d0        0x2 C:/Users/hjeong/AppData/Local/Temp/claude/w--soc3050code/a559e7a7-84e8-4ace-bbb4-6c9199cf5364/scratchpad/xpack-arm-none-eabi-gcc-15.2.1-1.1/bin/../lib/gcc/arm-none-eabi/15.2.1/../../../../arm-none-eabi/lib/thumb/v7-m/nofp\libg_nano.a(libc_a-lock.o)
                0x080007d0                __retarget_lock_release_recursive
 *fill*         0x080007d2        0x2 
 .text._free_r  0x080007d4       0x94 C:/Users/hjeong/AppData/Local/Temp/claude/w--soc3050code/a559e7a7-84e8-4ace-bbb4-6c9199cf5364/scratchpad/xpack-arm-none-eabi-gcc-15.2.1-1.1/bin/../lib/gcc/arm-none-eabi/15.2.1/../../../../arm-none-eabi/lib/thumb/v7-m/nofp\libg_nano.a(libc_a-freer.o)
                0x080007d4                _free_r
 .text.sbrk_aligned
                0x08000868       0x44 C:/Users/hjeong/AppData/Local/Temp/claude/w--soc3050code/a559e7a7-84e8-4ace-bbb4-6c9199cf5364/scratchpad/xpack-arm-none-eabi-gcc-15.2.1-1.1/bin/../lib/gcc/arm-none-eabi/15.2.1/../../../../arm-none-eabi/lib/thumb/v7-m/nofp\libg_nano.a(libc_a-mallocr.o)
 .text._malloc_r
                0x080008ac       0xf8 C:/Users/hjeong/AppData/Local/Temp/claude/w--soc3050code/a559e7a7-84e8-4ace-bbb4-6c9199cf5364/scratchpad/xpack-arm-none-eabi-gcc-15.2.1-1.1/bin/../lib/gcc/arm-none-eabi/15.2.1/../../../../arm-none-eabi/lib/thumb/v7-m/nofp\libg_nano.a(libc_a-mallocr.o)
                0x080008ac                _malloc_r
 .text.__malloc_lock
                0x080009a4        0xc C:/Users/hjeong/AppData/Local/Temp/claude/w--soc3050code/a559e7a7-84e8-4ace-bbb4-6c9199cf5364/scratchpad/xpack-arm-none-eabi-gcc-15.2.1-1.1/bin/../lib/gcc/arm-none-eabi/15.2.1/../../../../arm-none-eabi/lib/thumb/v7-m/nofp\libg_nano.a(libc_a-mlock.o)
                0x080009a4                __malloc_lock
 .text.__malloc_unlock
                0x080009b0        0xc C:/Users/hjeong/AppData/Local/Temp/claude/w--soc3050code/a559e7a7-84e8-4ace-bbb4-6c9199cf5364/scratchpad/xpack-arm-none-eabi-gcc-15.2.1-1.1/bin/../lib/gcc/arm-none-eabi/15.2.1/../../../../arm-none-eabi/lib/thumb/v7-m/nofp\libg_nano.a(libc_a-mlock.o)
                0x080009b0                __malloc_unlock
 .text.__sfputc_r
                0x080009bc       0x2a C:/Users/hjeong/AppData/Local/Temp/claude/w--soc3050code/a559e7a7-84e8-4ace-bbb4-6c9199cf5364/scratchpad/xpack-arm-none-eabi-gcc-15.2.1-1.1/bin/../lib/gcc/arm-none-eabi/15.2.1/../../../../arm-none-eabi/lib/thumb/v7-m/nofp\libg_nano.a(libc_a-nano-vfprintf.o)
 .text.__sfputs_r
                0x080009e6       0x24 C:/Users/hjeong/AppData/Local/Temp/claude/w--soc3050code/a559e7a7-84e8-4ace-bbb4-6c9199cf5364/scratchpad/xpack-arm-none-eabi-gcc-15.2.1-1.1/bin/../lib/gcc/arm-none-eabi/15.2.1/../../../../arm-none-eabi/lib/thumb/v7-m/nofp\libg_nano.a(libc_a-nano-vfprintf.o)
                0x080009e6                __sfputs_r
 *fill*         0x08000a0a        0x2 
 .text._vfprintf_r
                0x08000a0c      0x228 C:/Users/hjeong/AppData/Local/Temp/claude/w--soc3050code/a559e7a7-84e8-4ace-bbb4-6c9199cf5364/scratchpad/xpack-arm-none-eabi-gcc-15.2.1-1.1/bin/../lib/gcc/arm-none-eabi/15.2.1/../../../../arm-none-eabi/lib/thumb/v7-m/nofp\libg_nano.a(libc_a-nano-vfprintf.o)
                0x08000a0c                _vfprintf_r
                0x08000a0c                _vfiprintf_r
 .text._printf_common
                0x08000c34       0xea C:/Users/hjeong/AppData/Local/Temp/claude/w--soc3050code/a559e7a7-84e8-4ace-bbb4-6c9199cf5364/scratchpad/xpack-arm-none-eabi-gcc-15.2.1-1.1/bin/../lib/gcc/arm-none-eabi/15.2.1/../../../../arm-none-eabi/lib/thumb/v7-m/nofp\libg_nano.a(libc_a-nano-vfprintf_i.o)
                0x08000c34                _printf_common
 *fill*         0x08000d1e        0x2 
 .text._printf_i
                0x08000d20      0x254 C:/Users/hjeong/AppData/Local/Temp/claude/w--soc3050code/a559e7a7-84e8-4ace-bbb4-6c9199cf5364/scratchpad/xpack-arm-none-eabi-gcc-15.2.1-1.1/bin/../lib/gcc/arm-none-eabi/15.2.1/../../../../arm-none-eabi/lib/thumb/v7-m/nofp\libg_nano.a(libc_a-nano-vfprintf_i.o)
                0x08000d20                _printf_i
 .text.__sflush_r
                0x08000f74       0xf8 C:/Users/hjeong/AppData/Local/Temp/claude/w--soc3050code/a559e7a7-84e8-4ace-bbb4-6c9199cf5364/scratchpad/xpack-arm-none-eabi-gcc-15.2.1-1.1/bin/../lib/gcc/arm-none-eabi/15.2.1/../../../../arm-none-eabi/lib/thumb/v7-m/nofp\libg_nano.a(libc_a-fflush.o)
                0x08000f74                __sflush_r
 .text._fflush_r
                0x0800106c       0x50 C:/Users/hjeong/AppData/Local/Temp/claude/w--soc3050code/a559e7a7-84e8-4ace-bbb4-6c9199cf5364/scratchpad/xpack-arm-none-eabi-gcc-15.2.1-1.1/bin/../lib/gcc/arm-none-eabi/15.2.1/../../../../arm-none-eabi/lib/thumb/v7-m/nofp\libg_nano.a(libc_a-fflush.o)
                0x0800106c                _fflush_r
 .text.__swhatbuf_r
                0x080010bc       0x48 C:/Users/hjeong/AppData/Local/Temp/claude/w--soc3050code/a559e7a7-84e8-4ace-bbb4-6c9199cf5364/scratchpad/xpack-arm-none-eabi-gcc-15.2.1-1.1/bin/../lib/gcc/arm-none-eabi/15.2.1/../../../../arm-none-eabi/lib/thumb/v7-m/nofp\libg_nano.a(libc_a-makebuf.o)
                0x080010bc                __swhatbuf_r
 .text.__smakebuf_r
                0x08001104       0x72 C:/Users/hjeong/AppData/Local/Temp/claude/w--soc3050code/a559e7a7-84e8-4ace-bbb4-6c9199cf5364/scratchpad/xpack-arm-none-eabi-gcc-15.2.1-1.1/bin/../lib/gcc/arm-none-eabi/15.2.1/../../../../arm-none-eabi/lib/thumb/v7-m/nofp\libg_nano.a(libc_a-makebuf.o)
                0x08001104                __smakebuf_r
 *fill*         0x08001176        0x2 
 .text._fstat_r
                0x08001178       0x24 C:/Users/hjeong/AppData/Local/Temp/claude/w--soc3050code/a559e7a7-84e8-4ace-bbb4-6c9199cf5364/scratchpad/xpack-arm-none-eabi-gcc-15.2.1-1.1/bin/../lib/gcc/arm-none-eabi/15.2.1/../../../../arm-none-eabi/lib/thumb/v7-m/nofp\libg_nano.a(libc_a-fstatr.o)
                0x08001178                _fstat_r
 .text._isatty_r
                0x0800119c       0x20 C:/Users/hjeong/AppData/Local/Temp/claude/w--soc3050code/a559e7a7-84e8-4ace-bbb4-6c9199cf5364/scratchpad/xpack-arm-none-eabi-gcc-15.2.1-1.1/bin/../lib/gcc/arm-none-eabi/15.2.1/../../../../arm-none-eabi/lib/thumb/v7-m/nofp\libg_nano.a(libc_a-isattyr.o)
                0x0800119c                _isatty_r
 .text._sbrk_r  0x080011bc       0x20 C:/Users/hjeong/AppData/Local/Temp/claude/w--soc3050code/a559e7a7-84e8-4ace-bbb4-6c9199cf5364/scratchpad/xpack-arm-none-eabi-gcc-15.2.1-1.1/bin/../lib/gcc/arm-none-eabi/15.2.1/../../../../arm-none-eabi/lib/thumb/v7-m/nofp\libg_nano.a(libc_a-sbrkr.o)
                0x080011bc                _sbrk_r
 .text.memchr   0x080011dc       0x1c C:/Users/hjeong/AppData/Local/Temp/claude/w--soc3050code/a559e7a7-84e8-4ace-bbb4-6c9199cf5364/scratchpad/xpack-arm-none-eabi-gcc-15.2.1-1.1/bin/../lib/gcc/arm-none-eabi/15.2.1/../../../../arm-none-eabi/lib/thumb/v7-m/nofp\libg_nano.a(libc_a-memchr-stub.o)
                0x080011dc                memchr
 *(.glue_7)
 .glue_7        0x080011f8        0x0 linker stubs
 *(.glue_7t)
 .glue_7t       0x080011f8        0x0 linker stubs
 *(.eh_frame)
 .eh_frame      0x080011f8        0x0 C:/Users/hjeong/AppData/Local/Temp/claude/w--soc3050code/a559e7a7-84e8-4ace-bbb4-6c9199cf5364/scratchpad/xpack-arm-none-eabi-gcc-15.2.1-1.1/bin/../lib/gcc/arm-none-eabi/15.2.1/thumb/v7-m/nofp/crtbegin.o
 *(.init)
 .init          0x080011f8        0x4 C:/Users/hjeong/AppData/Local/Temp/claude/w--soc3050code/a559e7a7-84e8-4ace-bbb4-6c9199cf5364/scratchpad/xpack-arm-none-eabi-gcc-15.2.1-1.1/bin/../lib/gcc/arm-none-eabi/15.2.1/thumb/v7-m/nofp/crti.o
                0x080011f8                _init
 .init          0x080011fc        0x8 C:/Users/hjeong/AppData/Local/Temp/claude/w--soc3050code/a559e7a7-84e8-4ace-bbb4-6c9199cf5364/scratchpad/xpack-arm-none-eabi-gcc-15.2.1-1.1/bin/../lib/gcc/arm-none-eabi/15.2.1/thumb/v7-m/nofp/crtn.o
 *(.fini)
 .fini          0x08001204        0x4 C:/Users/hjeong/AppData/Local/Temp/claude/w--soc3050code/a559e7a7-84e8-4ace-bbb4-6c9199cf5364/scratchpad/xpack-arm-none-eabi-gcc-15.2.1-1.1/bin/../lib/gcc/arm-none-eabi/15.2.1/thumb/v7-m/nofp/crti.o
                0x08001204                _fini
 .fini          0x08001208        0x8 C:/Users/hjeong/AppData/Local/Temp/claude/w--soc3050code/a559e7a7-84e8-4ace-bbb4-6c9199cf5364/scratchpad/xpack-arm-none-eabi-gcc-15.2.1-1.1/bin/../lib/gcc/arm-none-eabi/15.2.1/thumb/v7-m/nofp/crtn.o
                0x08001210                        . = ALIGN (0x4)
                0x08001210                        _etext = .

.vfp11_veneer   0x08001210        0x0
 .vfp11_veneer  0x08001210        0x0 linker stubs

.v4_bx          0x08001210        0x0
 .v4_bx         0x08001210        0x0 linker stubs

.iplt           0x08001210        0x0
 .iplt          0x08001210        0x0 C:/Users/hjeong/AppData/Local/Temp/claude/w--soc3050code/a559e7a7-84e8-4ace-bbb4-6c9199cf5364/scratchpad/xpack-arm-none-eabi-gcc-15.2.1-1.1/bin/../lib/gcc/arm-none-eabi/15.2.1/thumb/v7-m/nofp/crtbegin.o

.rodata         0x08001210       0xdc
                0x08001210                        . = ALIGN (0x4)
 *(.rodata)
 *(.rodata*)
 .rodata.main.str1.1
                0x08001210       0xdb C:\Users\hjeong\AppData\Local\Temp\ccCvTrZh.o
                                 0xa8 (size before relaxing)
 .rodata._vfprintf_r.str1.1
                0x080012eb        0x0 C:/Users/hjeong/AppData/Local/Temp/claude/w--soc3050code/a559e7a7-84e8-4ace-bbb4-6c9199cf5364/scratchpad/xpack-arm-none-eabi-gcc-15.2.1-1.1/bin/../lib/gcc/arm-none-eabi/15.2.1/../../../../arm-none-eabi/lib/thumb/v7-m/nofp\libg_nano.a(libc_a-nano-vfprintf.o)
                                 0x11 (size before relaxing)
 .rodata._printf_i.str1.1
                0x080012eb        0x0 C:/Users/hjeong/AppData/Local/Temp/claude/w--soc3050code/a559e7a7-84e8-4ace-bbb4-6c9199cf5364/scratchpad/xpack-arm-none-eabi-gcc-15.2.1-1.1/bin/../lib/gcc/arm-none-eabi/15.2.1/../../../../arm-none-eabi/lib/thumb/v7-m/nofp\libg_nano.a(libc_a-nano-vfprintf_i.o)
                                 0x22 (size before relaxing)
                0x080012ec                        . = ALIGN (0x4)
 *fill*         0x080012eb        0x1 

.ARM.extab
 *(.ARM.extab* .gnu.linkonce.armextab.*)

.ARM            0x080012ec        0x0
                0x080012ec                        __exidx_start = .
 *(.ARM.exidx*)
                0x080012ec                        __exidx_end = .

.preinit_array  0x080012ec        0x0
                0x080012ec                        PROVIDE (__preinit_array_start = .)
 *(.preinit_array*)
                0x080012ec                        PROVIDE (__preinit_array_end = .)

.init_array     0x080012ec        0x4
                0x080012ec                        PROVIDE (__init_array_start = .)
 *(SORT_BY_NAME(.init_array.*))
 *(.init_array*)
 .init_array    0x080012ec        0x4 C:/Users/hjeong/AppData/Local/Temp/claude/w--soc3050code/a559e7a7-84e8-4ace-bbb4-6c9199cf5364/scratchpad/xpack-arm-none-eabi-gcc-15.2.1-1.1/bin/../lib/gcc/arm-none-eabi/15.2.1/thumb/v7-m/nofp/crtbegin.o
                0x080012f0                        PROVIDE (__init_array_end = .)

.fini_array     0x080012f0        0x4
                0x080012f0                        PROVIDE (__fini_array_start = .)
 *(SORT_BY_NAME(.fini_array.*))
 *(.fini_array*)
 .fini_array    0x080012f0        0x4 C:/Users/hjeong/AppData/Local/Temp/claude/w--soc3050code/a559e7a7-84e8-4ace-bbb4-6c9199cf5364/scratchpad/xpack-arm-none-eabi-gcc-15.2.1-1.1/bin/../lib/gcc/arm-none-eabi/15.2.1/thumb/v7-m/nofp/crtbegin.o
                0x080012f4                        PROVIDE (__fini_array_end = .)
                0x080012f4                        _sidata = LOADADDR (.data)

.rel.dyn        0x080012f4        0x0
 .rel.iplt      0x080012f4        0x0 C:/Users/hjeong/AppData/Local/Temp/claude/w--soc3050code/a559e7a7-84e8-4ace-bbb4-6c9199cf5364/scratchpad/xpack-arm-none-eabi-gcc-15.2.1-1.1/bin/../lib/gcc/arm-none-eabi/15.2.1/thumb/v7-m/nofp/crtbegin.o

.data           0x20000000       0x60 load address 0x080012f4
                0x20000000                        . = ALIGN (0x4)
                0x20000000                        _sdata = .
 *(.data)
 *(.data*)
 .data.SystemCoreClock
                0x20000000        0x4 C:\Users\hjeong\AppData\Local\Temp\ccEPMqJj.o
                0x20000000                SystemCoreClock
 .data.__sglue  0x20000004        0xc C:/Users/hjeong/AppData/Local/Temp/claude/w--soc3050code/a559e7a7-84e8-4ace-bbb4-6c9199cf5364/scratchpad/xpack-arm-none-eabi-gcc-15.2.1-1.1/bin/../lib/gcc/arm-none-eabi/15.2.1/../../../../arm-none-eabi/lib/thumb/v7-m/nofp\libg_nano.a(libc_a-findfp.o)
                0x20000004                __sglue
 .data._impure_ptr
                0x20000010        0x4 C:/Users/hjeong/AppData/Local/Temp/claude/w--soc3050code/a559e7a7-84e8-4ace-bbb4-6c9199cf5364/scratchpad/xpack-arm-none-eabi-gcc-15.2.1-1.1/bin/../lib/gcc/arm-none-eabi/15.2.1/../../../../arm-none-eabi/lib/thumb/v7-m/nofp\libg_nano.a(libc_a-impure.o)
                0x20000010                _impure_ptr
 .data._impure_data
                0x20000014       0x4c C:/Users/hjeong/AppData/Local/Temp/claude/w--soc3050code/a559e7a7-84e8-4ace-bbb4-6c9199cf5364/scratchpad/xpack-arm-none-eabi-gcc-15.2.1-1.1/bin/../lib/gcc/arm-none-eabi/15.2.1/../../../../arm-none-eabi/lib/thumb/v7-m/nofp\libg_nano.a(libc_a-impure.o)
                0x20000014                _impure_data
                0x20000060                        . = ALIGN (0x4)
                0x20000060                        _edata = .

.igot.plt       0x20000060        0x0 load address 0x08001354
 .igot.plt      0x20000060        0x0 C:/Users/hjeong/AppData/Local/Temp/claude/w--soc3050code/a559e7a7-84e8-4ace-bbb4-6c9199cf5364/scratchpad/xpack-arm-none-eabi-gcc-15.2.1-1.1/bin/../lib/gcc/arm-none-eabi/15.2.1/thumb/v7-m/nofp/crtbegin.o
                0x20000060                        . = ALIGN (0x4)

.bss            0x20000060      0x16c load address 0x08001354
                0x20000060                        _sbss = .
                0x20000060                        __bss_start__ = _sbss
 *(.bss)
 *(.bss*)
 .bss.completed.1
                0x20000060        0x1 C:/Users/hjeong/AppData/Local/Temp/claude/w--soc3050code/a559e7a7-84e8-4ace-bbb4-6c9199cf5364/scratchpad/xpack-arm-none-eabi-gcc-15.2.1-1.1/bin/../lib/gcc/arm-none-eabi/15.2.1/thumb/v7-m/nofp/crtbegin.o
 *fill*         0x20000061        0x3 
 .bss.object.0  0x20000064       0x18 C:/Users/hjeong/AppData/Local/Temp/claude/w--soc3050code/a559e7a7-84e8-4ace-bbb4-6c9199cf5364/scratchpad/xpack-arm-none-eabi-gcc-15.2.1-1.1/bin/../lib/gcc/arm-none-eabi/15.2.1/thumb/v7-m/nofp/crtbegin.o
 .bss.brk.0     0x2000007c        0x4 C:\Users\hjeong\AppData\Local\Temp\ccCvTrZh.o
 .bss.__sf      0x20000080      0x138 C:/Users/hjeong/AppData/Local/Temp/claude/w--soc3050code/a559e7a7-84e8-4ace-bbb4-6c9199cf5364/scratchpad/xpack-arm-none-eabi-gcc-15.2.1-1.1/bin/../lib/gcc/arm-none-eabi/15.2.1/../../../../arm-none-eabi/lib/thumb/v7-m/nofp\libg_nano.a(libc_a-findfp.o)
                0x20000080                __sf
 .bss.__stdio_exit_handler
                0x200001b8        0x4 C:/Users/hjeong/AppData/Local/Temp/claude/w--soc3050code/a559e7a7-84e8-4ace-bbb4-6c9199cf5364/scratchpad/xpack-arm-none-eabi-gcc-15.2.1-1.1/bin/../lib/gcc/arm-none-eabi/15.2.1/../../../../arm-none-eabi/lib/thumb/v7-m/nofp\libg_nano.a(libc_a-findfp.o)
                0x200001b8                __stdio_exit_handler
 .bss.errno     0x200001bc        0x4 C:/Users/hjeong/AppData/Local/Temp/claude/w--soc3050code/a559e7a7-84e8-4ace-bbb4-6c9199cf5364/scratchpad/xpack-arm-none-eabi-gcc-15.2.1-1.1/bin/../lib/gcc/arm-none-eabi/15.2.1/../../../../arm-none-eabi/lib/thumb/v7-m/nofp\libg_nano.a(libc_a-reent.o)
                0x200001bc                errno
 .bss.__lock___malloc_recursive_mutex
                0x200001c0        0x1 C:/Users/hjeong/AppData/Local/Temp/claude/w--soc3050code/a559e7a7-84e8-4ace-bbb4-6c9199cf5364/scratchpad/xpack-arm-none-eabi-gcc-15.2.1-1.1/bin/../lib/gcc/arm-none-eabi/15.2.1/../../../../arm-none-eabi/lib/thumb/v7-m/nofp\libg_nano.a(libc_a-lock.o)
                0x200001c0                __lock___malloc_recursive_mutex
 .bss.__lock___sfp_recursive_mutex
                0x200001c1        0x1 C:/Users/hjeong/AppData/Local/Temp/claude/w--soc3050code/a559e7a7-84e8-4ace-bbb4-6c9199cf5364/scratchpad/xpack-arm-none-eabi-gcc-15.2.1-1.1/bin/../lib/gcc/arm-none-eabi/15.2.1/../../../../arm-none-eabi/lib/thumb/v7-m/nofp\libg_nano.a(libc_a-lock.o)
                0x200001c1                __lock___sfp_recursive_mutex
 *fill*         0x200001c2        0x2 
 .bss.__malloc_sbrk_start
                0x200001c4        0x4 C:/Users/hjeong/AppData/Local/Temp/claude/w--soc3050code/a559e7a7-84e8-4ace-bbb4-6c9199cf5364/scratchpad/xpack-arm-none-eabi-gcc-15.2.1-1.1/bin/../lib/gcc/arm-none-eabi/15.2.1/../../../../arm-none-eabi/lib/thumb/v7-m/nofp\libg_nano.a(libc_a-mallocr.o)
                0x200001c4                __malloc_sbrk_start
 .bss.__malloc_free_list
                0x200001c8        0x4 C:/Users/hjeong/AppData/Local/Temp/claude/w--soc3050code/a559e7a7-84e8-4ace-bbb4-6c9199cf5364/scratchpad/xpack-arm-none-eabi-gcc-15.2.1-1.1/bin/../lib/gcc/arm-none-eabi/15.2.1/../../../../arm-none-eabi/lib/thumb/v7-m/nofp\libg_nano.a(libc_a-mallocr.o)
                0x200001c8                __malloc_free_list
 *(COMMON)
                0x200001cc                        . = ALIGN (0x4)
                0x200001cc                        _ebss = .
                0x200001cc                        __bss_end__ = _ebss

._user_heap_stack
                0x200001cc      0x604 load address 0x08001354
                0x200001d0                        . = ALIGN (0x8)
 *fill*         0x200001cc        0x4 
                0x200001d0                        PROVIDE (end = .)
                [!provide]                        PROVIDE (_end = .)
                0x200003d0                        . = (. + _Min_Heap_Size)
 *fill*         0x200001d0      0x200 
                0x200007d0                        . = (. + _Min_Stack_Size)
 *fill*         0x200003d0      0x400 
                0x200007d0                        . = ALIGN (0x8)

.ARM.attributes
                0x00000000       0x29
 *(.ARM.attributes)
 .ARM.attributes
                0x00000000       0x1d C:/Users/hjeong/AppData/Local/Temp/claude/w--soc3050code/a559e7a7-84e8-4ace-bbb4-6c9199cf5364/scratchpad/xpack-arm-none-eabi-gcc-15.2.1-1.1/bin/../lib/gcc/arm-none-eabi/15.2.1/thumb/v7-m/nofp/crti.o
 .ARM.attributes
                0x0000001d       0x2d C:/Users/hjeong/AppData/Local/Temp/claude/w--soc3050code/a559e7a7-84e8-4ace-bbb4-6c9199cf5364/scratchpad/xpack-arm-none-eabi-gcc-15.2.1-1.1/bin/../lib/gcc/arm-none-eabi/15.2.1/thumb/v7-m/nofp/crtbegin.o
 .ARM.attributes
                0x0000004a       0x2d C:\Users\hjeong\AppData\Local\Temp\ccEPMqJj.o
 .ARM.attributes
                0x00000077       0x2d C:\Users\hjeong\AppData\Local\Temp\ccCvTrZh.o
 .ARM.attributes
                0x000000a4       0x2d C:/Users/hjeong/AppData/Local/Temp/claude/w--soc3050code/a559e7a7-84e8-4ace-bbb4-6c9199cf5364/scratchpad/xpack-arm-none-eabi-gcc-15.2.1-1.1/bin/../lib/gcc/arm-none-eabi/15.2.1/../../../../arm-none-eabi/lib/thumb/v7-m/nofp\libg_nano.a(libc_a-findfp.o)
 .ARM.attributes
                0x000000d1       0x2d C:/Users/hjeong/AppData/Local/Temp/claude/w--soc3050code/a559e7a7-84e8-4ace-bbb4-6c9199cf5364/scratchpad/xpack-arm-none-eabi-gcc-15.2.1-1.1/bin/../lib/gcc/arm-none-eabi/15.2.1/../../../../arm-none-eabi/lib/thumb/v7-m/nofp\libg_nano.a(libc_a-fwalk.o)
 .ARM.attributes
                0x000000fe       0x2d C:/Users/hjeong/AppData/Local/Temp/claude/w--soc3050code/a559e7a7-84e8-4ace-bbb4-6c9199cf5364/scratchpad/xpack-arm-none-eabi-gcc-15.2.1-1.1/bin/../lib/gcc/arm-none-eabi/15.2.1/../../../../arm-none-eabi/lib/thumb/v7-m/nofp\libg_nano.a(libc_a-printf.o)
 .ARM.attributes
                0x0000012b       0x2d C:/Users/hjeong/AppData/Local/Temp/claude/w--soc3050code/a559e7a7-84e8-4ace-bbb4-6c9199cf5364/scratchpad/xpack-arm-none-eabi-gcc-15.2.1-1.1/bin/../lib/gcc/arm-none-eabi/15.2.1/../../../../arm-none-eabi/lib/thumb/v7-m/nofp\libg_nano.a(libc_a-puts.o)
 .ARM.attributes
                0x00000158       0x2d C:/Users/hjeong/AppData/Local/Temp/claude/w--soc3050code/a559e7a7-84e8-4ace-bbb4-6c9199cf5364/scratchpad/xpack-arm-none-eabi-gcc-15.2.1-1.1/bin/../lib/gcc/arm-none-eabi/15.2.1/../../../../arm-none-eabi/lib/thumb/v7-m/nofp\libg_nano.a(libc_a-stdio.o)
 .ARM.attributes
                0x00000185       0x2d C:/Users/hjeong/AppData/Local/Temp/claude/w--soc3050code/a559e7a7-84e8-4ace-bbb4-6c9199cf5364/scratchpad/xpack-arm-none-eabi-gcc-15.2.1-1.1/bin/../lib/gcc/arm-none-eabi/15.2.1/../../../../arm-none-eabi/lib/thumb/v7-m/nofp\libg_nano.a(libc_a-wbuf.o)
 .ARM.attributes
                0x000001b2       0x2d C:/Users/hjeong/AppData/Local/Temp/claude/w--soc3050code/a559e7a7-84e8-4ace-bbb4-6c9199cf5364/scratchpad/xpack-arm-none-eabi-gcc-15.2.1-1.1/bin/../lib/gcc/arm-none-eabi/15.2.1/../../../../arm-none-eabi/lib/thumb/v7-m/nofp\libg_nano.a(libc_a-wsetup.o)
 .ARM.attributes
                0x000001df       0x2d C:/Users/hjeong/AppData/Local/Temp/claude/w--soc3050code/a559e7a7-84e8-4ace-bbb4-6c9199cf5364/scratchpad/xpack-arm-none-eabi-gcc-15.2.1-1.1/bin/../lib/gcc/arm-none-eabi/15.2.1/../../../../arm-none-eabi/lib/thumb/v7-m/nofp\libg_nano.a(libc_a-memset.o)
 .ARM.attributes
                0x0000020c       0x2d C:/Users/hjeong/AppData/Local/Temp/claude/w--soc3050code/a559e7a7-84e8-4ace-bbb4-6c9199cf5364/scratchpad/xpack-arm-none-eabi-gcc-15.2.1-1.1/bin/../lib/gcc/arm-none-eabi/15.2.1/../../../../arm-none-eabi/lib/thumb/v7-m/nofp\libg_nano.a(libc_a-closer.o)
 .ARM.attributes
                0x00000239       0x2d C:/Users/hjeong/AppData/Local/Temp/claude/w--soc3050code/a559e7a7-84e8-4ace-bbb4-6c9199cf5364/scratchpad/xpack-arm-none-eabi-gcc-15.2.1-1.1/bin/../lib/gcc/arm-none-eabi/15.2.1/../../../../arm-none-eabi/lib/thumb/v7-m/nofp\libg_nano.a(libc_a-reent.o)
 .ARM.attributes
                0x00000266       0x2d C:/Users/hjeong/AppData/Local/Temp/claude/w--soc3050code/a559e7a7-84e8-4ace-bbb4-6c9199cf5364/scratchpad/xpack-arm-none-eabi-gcc-15.2.1-1.1/bin/../lib/gcc/arm-none-eabi/15.2.1/../../../../arm-none-eabi/lib/thumb/v7-m/nofp\libg_nano.a(libc_a-impure.o)
 .ARM.attributes
                0x00000293       0x2d C:/Users/hjeong/AppData/Local/Temp/claude/w--soc3050code/a559e7a7-84e8-4ace-bbb4-6c9199cf5364/scratchpad/xpack-arm-none-eabi-gcc-15.2.1-1.1/bin/../lib/gcc/arm-none-eabi/15.2.1/../../../../arm-none-eabi/lib/thumb/v7-m/nofp\libg_nano.a(libc_a-lseekr.o)
 .ARM.attributes
                0x000002c0       0x2d C:/Users/hjeong/AppData/Local/Temp/claude/w--soc3050code/a559e7a7-84e8-4ace-bbb4-6c9199cf5364/scratchpad/xpack-arm-none-eabi-gcc-15.2.1-1.1/bin/../lib/gcc/arm-none-eabi/15.2.1/../../../../arm-none-eabi/lib/thumb/v7-m/nofp\libg_nano.a(libc_a-readr.o)
 .ARM.attributes
                0x000002ed       0x2d C:/Users/hjeong/AppData/Local/Temp/claude/w--soc3050code/a559e7a7-84e8-4ace-bbb4-6c9199cf5364/scratchpad/xpack-arm-none-eabi-gcc-15.2.1-1.1/bin/../lib/gcc/arm-none-eabi/15.2.1/../../../../arm-none-eabi/lib/thumb/v7-m/nofp\libg_nano.a(libc_a-writer.o)
 .ARM.attributes
                0x0000031a       0x2d C:/Users/hjeong/AppData/Local/Temp/claude/w--soc3050code/a559e7a7-84e8-4ace-bbb4-6c9199cf5364/scratchpad/xpack-arm-none-eabi-gcc-15.2.1-1.1/bin/../lib/gcc/arm-none-eabi/15.2.1/../../../../arm-none-eabi/lib/thumb/v7-m/nofp\libg_nano.a(libc_a-init.o)
 .ARM.attributes
                0x00000347       0x2d C:/Users/hjeong/AppData/Local/Temp/claude/w--soc3050code/a559e7a7-84e8-4ace-bbb4-6c9199cf5364/scratchpad/xpack-arm-none-eabi-gcc-15.2.1-1.1/bin/../lib/gcc/arm-none-eabi/15.2.1/../../../../arm-none-eabi/lib/thumb/v7-m/nofp\libg_nano.a(libc_a-lock.o)
 .ARM.attributes
                0x00000374       0x2d C:/Users/hjeong/AppData/Local/Temp/claude/w--soc3050code/a559e7a7-84e8-4ace-bbb4-6c9199cf5364/scratchpad/xpack-arm-none-eabi-gcc-15.2.1-1.1/bin/../lib/gcc/arm-none-eabi/15.2.1/../../../../arm-none-eabi/lib/thumb/v7-m/nofp\libg_nano.a(libc_a-freer.o)
 .ARM.attributes
                0x000003a1       0x2d C:/Users/hjeong/AppData/Local/Temp/claude/w--soc3050code/a559e7a7-84e8-4ace-bbb4-6c9199cf5364/scratchpad/xpack-arm-none-eabi-gcc-15.2.1-1.1/bin/../lib/gcc/arm-none-eabi/15.2.1/../../../../arm-none-eabi/lib/thumb/v7-m/nofp\libg_nano.a(libc_a-mallocr.o)
 .ARM.attributes
                0x000003ce       0x2d C:/Users/hjeong/AppData/Local/Temp/claude/w--soc3050code/a559e7a7-84e8-4ace-bbb4-6c9199cf5364/scratchpad/xpack-arm-none-eabi-gcc-15.2.1-1.1/bin/../lib/gcc/arm-none-eabi/15.2.1/../../../../arm-none-eabi/lib/thumb/v7-m/nofp\libg_nano.a(libc_a-mlock.o)
 .ARM.attributes
                0x000003fb       0x2d C:/Users/hjeong/AppData/Local/Temp/claude/w--soc3050code/a559e7a7-84e8-4ace-bbb4-6c9199cf5364/scratchpad/xpack-arm-none-eabi-gcc-15.2.1-1.1/bin/../lib/gcc/arm-none-eabi/15.2.1/../../../../arm-none-eabi/lib/thumb/v7-m/nofp\libg_nano.a(libc_a-nano-vfprintf.o)
 .ARM.attributes
                0x00000428       0x2d C:/Users/hjeong/AppData/Local/Temp/claude/w--soc3050code/a559e7a7-84e8-4ace-bbb4-6c9199cf5364/scratchpad/xpack-arm-none-eabi-gcc-15.2.1-1.1/bin/../lib/gcc/arm-none-eabi/15.2.1/../../../../arm-none-eabi/lib/thumb/v7-m/nofp\libg_nano.a(libc_a-nano-vfprintf_i.o)
 .ARM.attributes
                0x00000455       0x2d C:/Users/hjeong/AppData/Local/Temp/claude/w--soc3050code/a559e7a7-84e8-4ace-bbb4-6c9199cf5364/scratchpad/xpack-arm-none-eabi-gcc-15.2.1-1.1/bin/../lib/gcc/arm-none-eabi/15.2.1/../../../../arm-none-eabi/lib/thumb/v7-m/nofp\libg_nano.a(libc_a-fflush.o)
 .ARM.attributes
                0x00000482       0x2d C:/Users/hjeong/AppData/Local/Temp/claude/w--soc3050code/a559e7a7-84e8-4ace-bbb4-6c9199cf5364/scratchpad/xpack-arm-none-eabi-gcc-15.2.1-1.1/bin/../lib/gcc/arm-none-eabi/15.2.1/../../../../arm-none-eabi/lib/thumb/v7-m/nofp\libg_nano.a(libc_a-makebuf.o)
 .ARM.attributes
                0x000004af       0x2d C:/Users/hjeong/AppData/Local/Temp/claude/w--soc3050code/a559e7a7-84e8-4ace-bbb4-6c9199cf5364/scratchpad/xpack-arm-none-eabi-gcc-15.2.1-1.1/bin/../lib/gcc/arm-none-eabi/15.2.1/../../../../arm-none-eabi/lib/thumb/v7-m/nofp\libg_nano.a(libc_a-fstatr.o)
 .ARM.attributes
                0x000004dc       0x2d C:/Users/hjeong/AppData/Local/Temp/claude/w--soc3050code/a559e7a7-84e8-4ace-bbb4-6c9199cf5364/scratchpad/xpack-arm-none-eabi-gcc-15.2.1-1.1/bin/../lib/gcc/arm-none-eabi/15.2.1/../../../../arm-none-eabi/lib/thumb/v7-m/nofp\libg_nano.a(libc_a-isattyr.o)
 .ARM.attributes
                0x00000509       0x2d C:/Users/hjeong/AppData/Local/Temp/claude/w--soc3050code/a559e7a7-84e8-4ace-bbb4-6c9199cf5364/scratchpad/xpack-arm-none-eabi-gcc-15.2.1-1.1/bin/../lib/gcc/arm-none-eabi/15.2.1/../../../../arm-none-eabi/lib/thumb/v7-m/nofp\libg_nano.a(libc_a-sbrkr.o)
 .ARM.attributes
                0x00000536       0x2d C:/Users/hjeong/AppData/Local/Temp/claude/w--soc3050code/a559e7a7-84e8-4ace-bbb4-6c9199cf5364/scratchpad/xpack-arm-none-eabi-gcc-15.2.1-1.1/bin/../lib/gcc/arm-none-eabi/15.2.1/../../../../arm-none-eabi/lib/thumb/v7-m/nofp\libg_nano.a(libc_a-memchr-stub.o)
 .ARM.attributes
                0x00000563       0x1d C:/Users/hjeong/AppData/Local/Temp/claude/w--soc3050code/a559e7a7-84e8-4ace-bbb4-6c9199cf5364/scratchpad/xpack-arm-none-eabi-gcc-15.2.1-1.1/bin/../lib/gcc/arm-none-eabi/15.2.1/thumb/v7-m/nofp/crtn.o
OUTPUT(Main.elf elf32-littlearm)
LOAD linker stubs

.comment        0x00000000       0x39
 .comment       0x00000000       0x39 C:/Users/hjeong/AppData/Local/Temp/claude/w--soc3050code/a559e7a7-84e8-4ace-bbb4-6c9199cf5364/scratchpad/xpack-arm-none-eabi-gcc-15.2.1-1.1/bin/../lib/gcc/arm-none-eabi/15.2.1/thumb/v7-m/nofp/crtbegin.o
                                 0x3a (size before relaxing)
 .comment       0x00000039        0x0 C:\Users\hjeong\AppData\Local\Temp\ccEPMqJj.o
                                 0x3a (size before relaxing)
 .comment       0x00000039        0x0 C:\Users\hjeong\AppData\Local\Temp\ccCvTrZh.o
                                 0x3a (size before relaxing)
 .comment       0x00000039        0x0 C:/Users/hjeong/AppData/Local/Temp/claude/w--soc3050code/a559e7a7-84e8-4ace-bbb4-6c9199cf5364/scratchpad/xpack-arm-none-eabi-gcc-15.2.1-1.1/bin/../lib/gcc/arm-none-eabi/15.2.1/../../../../arm-none-eabi/lib/thumb/v7-m/nofp\libg_nano.a(libc_a-findfp.o)
                                 0x3a (size before relaxing)
 .comment       0x00000039        0x0 C:/Users/hjeong/AppData/Local/Temp/claude/w--soc3050code/a559e7a7-84e8-4ace-bbb4-6c9199cf5364/scratchpad/xpack-arm-none-eabi-gcc-15.2.1-1.1/bin/../lib/gcc/arm-none-eabi/15.2.1/../../../../arm-none-eabi/lib/thumb/v7-m/nofp\libg_nano.a(libc_a-fwalk.o)
                                 0x3a (size before relaxing)
 .comment       0x00000039        0x0 C:/Users/hjeong/AppData/Local/Temp/claude/w--soc3050code/a559e7a7-84e8-4ace-bbb4-6c9199cf5364/scratchpad/xpack-arm-none-eabi-gcc-15.2.1-1.1/bin/../lib/gcc/arm-none-eabi/15.2.1/../../../../arm-none-eabi/lib/thumb/v7-m/nofp\libg_nano.a(libc_a-printf.o)
                                 0x3a (size before relaxing)
 .comment       0x00000039        0x0 C:/Users/hjeong/AppData/Local/Temp/claude/w--soc3050code/a559e7a7-84e8-4ace-bbb4-6c9199cf5364/scratchpad/xpack-arm-none-eabi-gcc-15.2.1-1.1/bin/../lib/gcc/arm-none-eabi/15.2.1/../../../../arm-none-eabi/lib/thumb/v7-m/nofp\libg_nano.a(libc_a-puts.o)
                                 0x3a (size before relaxing)
 .comment       0x00000039        0x0 C:/Users/hjeong/AppData/Local/Temp/claude/w--soc3050code/a559e7a7-84e8-4ace-bbb4-6c9199cf5364/scratchpad/xpack-arm-none-eabi-gcc-15.2.1-1.1/bin/../lib/gcc/arm-none-eabi/15.2.1/../../../../arm-none-eabi/lib/thumb/v7-m/nofp\libg_nano.a(libc_a-stdio.o)
                                 0x3a (size before relaxing)
 .comment       0x00000039        0x0 C:/Users/hjeong/AppData/Local/Temp/claude/w--soc3050code/a559e7a7-84e8-4ace-bbb4-6c9199cf5364/scratchpad/xpack-arm-none-eabi-gcc-15.2.1-1.1/bin/../lib/gcc/arm-none-eabi/15.2.1/../../../../arm-none-eabi/lib/thumb/v7-m/nofp\libg_nano.a(libc_a-wbuf.o)
                                 0x3a (size before relaxing)
 .comment       0x00000039        0x0 C:/Users/hjeong/AppData/Local/Temp/claude/w--soc3050code/a559e7a7-84e8-4ace-bbb4-6c9199cf5364/scratchpad/xpack-arm-none-eabi-gcc-15.2.1-1.1/bin/../lib/gcc/arm-none-eabi/15.2.1/../../../../arm-none-eabi/lib/thumb/v7-m/nofp\libg_nano.a(libc_a-wsetup.o)
                                 0x3a (size before relaxing)
 .comment       0x00000039        0x0 C:/Users/hjeong/AppData/Local/Temp/claude/w--soc3050code/a559e7a7-84e8-4ace-bbb4-6c9199cf5364/scratchpad/xpack-arm-none-eabi-gcc-15.2.1-1.1/bin/../lib/gcc/arm-none-eabi/15.2.1/../../../../arm-none-eabi/lib/thumb/v7-m/nofp\libg_nano.a(libc_a-memset.o)
                                 0x3a (size before relaxing)
 .comment       0x00000039        0x0 C:/Users/hjeong/AppData/Local/Temp/claude/w--soc3050code/a559e7a7-84e8-4ace-bbb4-6c9199cf5364/scratchpad/xpack-arm-none-eabi-gcc-15.2.1-1.1/bin/../lib/gcc/arm-none-eabi/15.2.1/../../../../arm-none-eabi/lib/thumb/v7-m/nofp\libg_nano.a(libc_a-closer.o)
                                 0x3a (size before relaxing)
 .comment       0x00000039        0x0 C:/Users/hjeong/AppData/Local/Temp/claude/w--soc3050code/a559e7a7-84e8-4ace-bbb4-6c9199cf5364/scratchpad/xpack-arm-none-eabi-gcc-15.2.1-1.1/bin/../lib/gcc/arm-none-eabi/15.2.1/../../../../arm-none-eabi/lib/thumb/v7-m/nofp\libg_nano.a(libc_a-reent.o)
                                 0x3a (size before relaxing)
 .comment       0x00000039        0x0 C:/Users/hjeong/AppData/Local/Temp/claude/w--soc3050code/a559e7a7-84e8-4ace-bbb4-6c9199cf5364/scratchpad/xpack-arm-none-eabi-gcc-15.2.1-1.1/bin/../lib/gcc/arm-none-eabi/15.2.1/../../../../arm-none-eabi/lib/thumb/v7-m/nofp\libg_nano.a(libc_a-impure.o)
                                 0x3a (size before relaxing)
 .comment       0x00000039        0x0 C:/Users/hjeong/AppData/Local/Temp/claude/w--soc3050code/a559e7a7-84e8-4ace-bbb4-6c9199cf5364/scratchpad/xpack-arm-none-eabi-gcc-15.2.1-1.1/bin/../lib/gcc/arm-none-eabi/15.2.1/../../../../arm-none-eabi/lib/thumb/v7-m/nofp\libg_nano.a(libc_a-lseekr.o)
                                 0x3a (size before relaxing)
 .comment       0x00000039        0x0 C:/Users/hjeong/AppData/Local/Temp/claude/w--soc3050code/a559e7a7-84e8-4ace-bbb4-6c9199cf5364/scratchpad/xpack-arm-none-eabi-gcc-15.2.1-1.1/bin/../lib/gcc/arm-none-eabi/15.2.1/../../../../arm-none-eabi/lib/thumb/v7-m/nofp\libg_nano.a(libc_a-readr.o)
                                 0x3a (size before relaxing)
 .comment       0x00000039        0x0 C:/Users/hjeong/AppData/Local/Temp/claude/w--soc3050code/a559e7a7-84e8-4ace-bbb4-6c9199cf5364/scratchpad/xpack-arm-none-eabi-gcc-15.2.1-1.1/bin/../lib/gcc/arm-none-eabi/15.2.1/../../../../arm-none-eabi/lib/thumb/v7-m/nofp\libg_nano.a(libc_a-writer.o)
                                 0x3a (size before relaxing)
 .comment       0x00000039        0x0 C:/Users/hjeong/AppData/Local/Temp/claude/w--soc3050code/a559e7a7-84e8-4ace-bbb4-6c9199cf5364/scratchpad/xpack-arm-none-eabi-gcc-15.2.1-1.1/bin/../lib/gcc/arm-none-eabi/15.2.1/../../../../arm-none-eabi/lib/thumb/v7-m/nofp\libg_nano.a(libc_a-init.o)
                                 0x3a (size before relaxing)
 .comment       0x00000039        0x0 C:/Users/hjeong/AppData/Local/Temp/claude/w--soc3050code/a559e7a7-84e8-4ace-bbb4-6c9199cf5364/scratchpad/xpack-arm-none-eabi-gcc-15.2.1-1.1/bin/../lib/gcc/arm-none-eabi/15.2.1/../../../../arm-none-eabi/lib/thumb/v7-m/nofp\libg_nano.a(libc_a-lock.o)
                                 0x3a (size before relaxing)
 .comment       0x00000039        0x0 C:/Users/hjeong/AppData/Local/Temp/claude/w--soc3050code/a559e7a7-84e8-4ace-bbb4-6c9199cf5364/scratchpad/xpack-arm-none-eabi-gcc-15.2.1-1.1/bin/../lib/gcc/arm-none-eabi/15.2.1/../../../../arm-none-eabi/lib/thumb/v7-m/nofp\libg_nano.a(libc_a-freer.o)
                                 0x3a (size before relaxing)
 .comment       0x00000039        0x0 C:/Users/hjeong/AppData/Local/Temp/claude/w--soc3050code/a559e7a7-84e8-4ace-bbb4-6c9199cf5364/scratchpad/xpack-arm-none-eabi-gcc-15.2.1-1.1/bin/../lib/gcc/arm-none-eabi/15.2.1/../../../../arm-none-eabi/lib/thumb/v7-m/nofp\libg_nano.a(libc_a-mallocr.o)
                                 0x3a (size before relaxing)
 .comment       0x00000039        0x0 C:/Users/hjeong/AppData/Local/Temp/claude/w--soc3050code/a559e7a7-84e8-4ace-bbb4-6c9199cf5364/scratchpad/xpack-arm-none-eabi-gcc-15.2.1-1.1/bin/../lib/gcc/arm-none-eabi/15.2.1/../../../../arm-none-eabi/lib/thumb/v7-m/nofp\libg_nano.a(libc_a-mlock.o)
                                 0x3a (size before relaxing)
 .comment       0x00000039        0x0 C:/Users/hjeong/AppData/Local/Temp/claude/w--soc3050code/a559e7a7-84e8-4ace-bbb4-6c9199cf5364/scratchpad/xpack-arm-none-eabi-gcc-15.2.1-1.1/bin/../lib/gcc/arm-none-eabi/15.2.1/../../../../arm-none-eabi/lib/thumb/v7-m/nofp\libg_nano.a(libc_a-nano-vfprintf.o)
                                 0x3a (size before relaxing)
 .comment       0x00000039        0x0 C:/Users/hjeong/AppData/Local/Temp/claude/w--soc3050code/a559e7a7-84e8-4ace-bbb4-6c9199cf5364/scratchpad/xpack-arm-none-eabi-gcc-15.2.1-1.1/bin/../lib/gcc/arm-none-eabi/15.2.1/../../../../arm-none-eabi/lib/thumb/v7-m/nofp\libg_nano.a(libc_a-nano-vfprintf_i.o)
                                 0x3a (size before relaxing)
 .comment       0x00000039        0x0 C:/Users/hjeong/AppData/Local/Temp/claude/w--soc3050code/a559e7a7-84e8-4ace-bbb4-6c9199cf5364/scratchpad/xpack-arm-none-eabi-gcc-15.2.1-1.1/bin/../lib/gcc/arm-none-eabi/15.2.1/../../../../arm-none-eabi/lib/thumb/v7-m/nofp\libg_nano.a(libc_a-fflush.o)
                                 0x3a (size before relaxing)
 .comment       0x00000039        0x0 C:/Users/hjeong/AppData/Local/Temp/claude/w--soc3050code/a559e7a7-84e8-4ace-bbb4-6c9199cf5364/scratchpad/xpack-arm-none-eabi-gcc-15.2.1-1.1/bin/../lib/gcc/arm-none-eabi/15.2.1/../../../../arm-none-eabi/lib/thumb/v7-m/nofp\libg_nano.a(libc_a-makebuf.o)
                                 0x3a (size before relaxing)
 .comment       0x00000039        0x0 C:/Users/hjeong/AppData/Local/Temp/claude/w--soc3050code/a559e7a7-84e8-4ace-bbb4-6c9199cf5364/scratchpad/xpack-arm-none-eabi-gcc-15.2.1-1.1/bin/../lib/gcc/arm-none-eabi/15.2.1/../../../../arm-none-eabi/lib/thumb/v7-m/nofp\libg_nano.a(libc_a-fstatr.o)
                                 0x3a (size before relaxing)
 .comment       0x00000039        0x0 C:/Users/hjeong/AppData/Local/Temp/claude/w--soc3050code/a559e7a7-84e8-4ace-bbb4-6c9199cf5364/scratchpad/xpack-arm-none-eabi-gcc-15.2.1-1.1/bin/../lib/gcc/arm-none-eabi/15.2.1/../../../../arm-none-eabi/lib/thumb/v7-m/nofp\libg_nano.a(libc_a-isattyr.o)
                                 0x3a (size before relaxing)
 .comment       0x00000039        0x0 C:/Users/hjeong/AppData/Local/Temp/claude/w--soc3050code/a559e7a7-84e8-4ace-bbb4-6c9199cf5364/scratchpad/xpack-arm-none-eabi-gcc-15.2.1-1.1/bin/../lib/gcc/arm-none-eabi/15.2.1/../../../../arm-none-eabi/lib/thumb/v7-m/nofp\libg_nano.a(libc_a-sbrkr.o)
                                 0x3a (size before relaxing)
 .comment       0x00000039        0x0 C:/Users/hjeong/AppData/Local/Temp/claude/w--soc3050code/a559e7a7-84e8-4ace-bbb4-6c9199cf5364/scratchpad/xpack-arm-none-eabi-gcc-15.2.1-1.1/bin/../lib/gcc/arm-none-eabi/15.2.1/../../../../arm-none-eabi/lib/thumb/v7-m/nofp\libg_nano.a(libc_a-memchr-stub.o)
                                 0x3a (size before relaxing)

.debug_info     0x00000000      0x7b5
 .debug_info    0x00000000      0x1c2 C:\Users\hjeong\AppData\Local\Temp\ccEPMqJj.o
 .debug_info    0x000001c2      0x5f3 C:\Users\hjeong\AppData\Local\Temp\ccCvTrZh.o

.debug_abbrev   0x00000000      0x3c2
 .debug_abbrev  0x00000000      0x14d C:\Users\hjeong\AppData\Local\Temp\ccEPMqJj.o
 .debug_abbrev  0x0000014d      0x275 C:\Users\hjeong\AppData\Local\Temp\ccCvTrZh.o

.debug_loclists
                0x00000000      0x1ba
 .debug_loclists
                0x00000000       0x6b C:\Users\hjeong\AppData\Local\Temp\ccEPMqJj.o
 .debug_loclists
                0x0000006b      0x14f C:\Users\hjeong\AppData\Local\Temp\ccCvTrZh.o

.debug_aranges  0x00000000       0xa0
 .debug_aranges
                0x00000000       0x30 C:\Users\hjeong\AppData\Local\Temp\ccEPMqJj.o
 .debug_aranges
                0x00000030       0x70 C:\Users\hjeong\AppData\Local\Temp\ccCvTrZh.o

.debug_rnglists
                0x00000000       0xab
 .debug_rnglists
                0x00000000       0x1f C:\Users\hjeong\AppData\Local\Temp\ccEPMqJj.o
 .debug_rnglists
                0x0000001f       0x8c C:\Users\hjeong\AppData\Local\Temp\ccCvTrZh.o

.debug_macro    0x00000000    0x10d06
 .debug_macro   0x00000000       0xcc C:\Users\hjeong\AppData\Local\Temp\ccEPMqJj.o
 .debug_macro   0x000000cc      0xade C:\Users\hjeong\AppData\Local\Temp\ccEPMqJj.o
 .debug_macro   0x00000baa       0x22 C:\Users\hjeong\AppData\Local\Temp\ccEPMqJj.o
 .debug_macro   0x00000bcc       0x56 C:\Users\hjeong\AppData\Local\Temp\ccEPMqJj.o
 .debug_macro   0x00000c22       0x51 C:\Users\hjeong\AppData\Local\Temp\ccEPMqJj.o
 .debug_macro   0x00000c73      0x103 C:\Users\hjeong\AppData\Local\Temp\ccEPMqJj.o
 .debug_macro   0x00000d76       0x6a C:\Users\hjeong\AppData\Local\Temp\ccEPMqJj.o
 .debug_macro   0x00000de0      0x1df C:\Users\hjeong\AppData\Local\Temp\ccEPMqJj.o
 .debug_macro   0x00000fbf       0x22 C:\Users\hjeong\AppData\Local\Temp\ccEPMqJj.o
 .debug_macro   0x00000fe1       0x40 C:\Users\hjeong\AppData\Local\Temp\ccEPMqJj.o
 .debug_macro   0x00001021       0x10 C:\Users\hjeong\AppData\Local\Temp\ccEPMqJj.o
 .debug_macro   0x00001031       0x4a C:\Users\hjeong\AppData\Local\Temp\ccEPMqJj.o
 .debug_macro   0x0000107b       0xc2 C:\Users\hjeong\AppData\Local\Temp\ccEPMqJj.o
 .debug_macro   0x0000113d       0x28 C:\Users\hjeong\AppData\Local\Temp\ccEPMqJj.o
 .debug_macro   0x00001165      0xeb3 C:\Users\hjeong\AppData\Local\Temp\ccEPMqJj.o
 .debug_macro   0x00002018     0xe09e C:\Users\hjeong\AppData\Local\Temp\ccEPMqJj.o
 .debug_macro   0x000100b6      0x1b5 C:\Users\hjeong\AppData\Local\Temp\ccCvTrZh.o
 .debug_macro   0x0001026b       0x61 C:\Users\hjeong\AppData\Local\Temp\ccCvTrZh.o
 .debug_macro   0x000102cc       0x24 C:\Users\hjeong\AppData\Local\Temp\ccCvTrZh.o
 .debug_macro   0x000102f0       0x43 C:\Users\hjeong\AppData\Local\Temp\ccCvTrZh.o
 .debug_macro   0x00010333       0x34 C:\Users\hjeong\AppData\Local\Temp\ccCvTrZh.o
 .debug_macro   0x00010367       0x16 C:\Users\hjeong\AppData\Local\Temp\ccCvTrZh.o
 .debug_macro   0x0001037d       0x9e C:\Users\hjeong\AppData\Local\Temp\ccCvTrZh.o
 .debug_macro   0x0001041b      0x364 C:\Users\hjeong\AppData\Local\Temp\ccCvTrZh.o
 .debug_macro   0x0001077f      0x112 C:\Users\hjeong\AppData\Local\Temp\ccCvTrZh.o
 .debug_macro   0x00010891       0x10 C:\Users\hjeong\AppData\Local\Temp\ccCvTrZh.o
 .debug_macro   0x000108a1       0x16 C:\Users\hjeong\AppData\Local\Temp\ccCvTrZh.o
 .debug_macro   0x000108b7       0x4a C:\Users\hjeong\AppData\Local\Temp\ccCvTrZh.o
 .debug_macro   0x00010901       0x34 C:\Users\hjeong\AppData\Local\Temp\ccCvTrZh.o
 .debug_macro   0x00010935       0x10 C:\Users\hjeong\AppData\Local\Temp\ccCvTrZh.o
 .debug_macro   0x00010945       0x58 C:\Users\hjeong\AppData\Local\Temp\ccCvTrZh.o
 .debug_macro   0x0001099d       0x8e C:\Users\hjeong\AppData\Local\Temp\ccCvTrZh.o
 .debug_macro   0x00010a2b       0x1c C:\Users\hjeong\AppData\Local\Temp\ccCvTrZh.o
 .debug_macro   0x00010a47      0x17e C:\Users\hjeong\AppData\Local\Temp\ccCvTrZh.o
 .debug_macro   0x00010bc5       0x16 C:\Users\hjeong\AppData\Local\Temp\ccCvTrZh.o
 .debug_macro   0x00010bdb       0x16 C:\Users\hjeong\AppData\Local\Temp\ccCvTrZh.o
 .debug_macro   0x00010bf1      0x115 C:\Users\hjeong\AppData\Local\Temp\ccCvTrZh.o

.debug_line     0x00000000      0xf9b
 .debug_line    0x00000000      0x62a C:\Users\hjeong\AppData\Local\Temp\ccEPMqJj.o
 .debug_line    0x0000062a      0x971 C:\Users\hjeong\AppData\Local\Temp\ccCvTrZh.o

.debug_str      0x00000000    0x586d8
 .debug_str     0x00000000    0x586d8 C:\Users\hjeong\AppData\Local\Temp\ccEPMqJj.o
                              0x54f23 (size before relaxing)
 .debug_str     0x000586d8        0x0 C:\Users\hjeong\AppData\Local\Temp\ccCvTrZh.o
                              0x58900 (size before relaxing)

.debug_frame    0x00000000      0x11c
 .debug_frame   0x00000000       0x48 C:\Users\hjeong\AppData\Local\Temp\ccEPMqJj.o
 .debug_frame   0x00000048       0xd4 C:\Users\hjeong\AppData\Local\Temp\ccCvTrZh.o
