Archive member included to satisfy reference by file (symbol)

C:/Users/hjeong/AppData/Local/Temp/claude/w--soc3050code/a559e7a7-84e8-4ace-bbb4-6c9199cf5364/scratchpad/xpack-arm-none-eabi-gcc-15.2.1-1.1/bin/../lib/gcc/arm-none-eabi/15.2.1/thumb/v6-m/nofp\libgcc.a(_udivsi3.o)
                              C:\Users\hjeong\AppData\Local\Temp\ccaElU8P.o (__aeabi_uidiv)
C:/Users/hjeong/AppData/Local/Temp/claude/w--soc3050code/a559e7a7-84e8-4ace-bbb4-6c9199cf5364/scratchpad/xpack-arm-none-eabi-gcc-15.2.1-1.1/bin/../lib/gcc/arm-none-eabi/15.2.1/thumb/v6-m/nofp\libgcc.a(_dvmd_tls.o)
                              C:/Users/hjeong/AppData/Local/Temp/claude/w--soc3050code/a559e7a7-84e8-4ace-bbb4-6c9199cf5364/scratchpad/xpack-arm-none-eabi-gcc-15.2.1-1.1/bin/../lib/gcc/arm-none-eabi/15.2.1/thumb/v6-m/nofp\libgcc.a(_udivsi3.o) (__aeabi_idiv0)
C:/Users/hjeong/AppData/Local/Temp/claude/w--soc3050code/a559e7a7-84e8-4ace-bbb4-6c9199cf5364/scratchpad/xpack-arm-none-eabi-gcc-15.2.1-1.1/bin/../lib/gcc/arm-none-eabi/15.2.1/../../../../arm-none-eabi/lib/thumb/v6-m/nofp\libg_nano.a(libc_a-atexit.o)
                              C:/Users/hjeong/AppData/Local/Temp/claude/w--soc3050code/a559e7a7-84e8-4ace-bbb4-6c9199cf5364/scratchpad/xpack-arm-none-eabi-gcc-15.2.1-1.1/bin/../lib/gcc/arm-none-eabi/15.2.1/../../../../arm-none-eabi/lib/thumb/v6-m/nofp/crt0.o (atexit)
C:/Users/hjeong/AppData/Local/Temp/claude/w--soc3050code/a559e7a7-84e8-4ace-bbb4-6c9199cf5364/scratchpad/xpack-arm-none-eabi-gcc-15.2.1-1.1/bin/../lib/gcc/arm-none-eabi/15.2.1/../../../../arm-none-eabi/lib/thumb/v6-m/nofp\libg_nano.a(libc_a-exit.o)
                              C:/Users/hjeong/AppData/Local/Temp/claude/w--soc3050code/a559e7a7-84e8-4ace-bbb4-6c9199cf5364/scratchpad/xpack-arm-none-eabi-gcc-15.2.1-1.1/bin/../lib/gcc/arm-none-eabi/15.2.1/../../../../arm-none-eabi/lib/thumb/v6-m/nofp/crt0.o (exit)
C:/Users/hjeong/AppData/Local/Temp/claude/w--soc3050code/a559e7a7-84e8-4ace-bbb4-6c9199cf5364/scratchpad/xpack-arm-none-eabi-gcc-15.2.1-1.1/bin/../lib/gcc/arm-none-eabi/15.2.1/../../../../arm-none-eabi/lib/thumb/v6-m/nofp\libg_nano.a(libc_a-findfp.o)
                              C:/Users/hjeong/AppData/Local/Temp/claude/w--soc3050code/a559e7a7-84e8-4ace-bbb4-6c9199cf5364/scratchpad/xpack-arm-none-eabi-gcc-15.2.1-1.1/bin/../lib/gcc/arm-none-eabi/15.2.1/../../../../arm-none-eabi/lib/thumb/v6-m/nofp\libg_nano.a(libc_a-exit.o) (__stdio_exit_handler)
C:/Users/hjeong/AppData/Local/Temp/claude/w--soc3050code/a559e7a7-84e8-4ace-bbb4-6c9199cf5364/scratchpad/xpack-arm-none-eabi-gcc-15.2.1-1.1/bin/../lib/gcc/arm-none-eabi/15.2.1/../../../../arm-none-eabi/lib/thumb/v6-m/nofp\libg_nano.a(libc_a-fwalk.o)
                              C:/Users/hjeong/AppData/Local/Temp/claude/w--soc3050code/a559e7a7-84e8-4ace-bbb4-6c9199cf5364/scratchpad/xpack-arm-none-eabi-gcc-15.2.1-1.1/bin/../lib/gcc/arm-none-eabi/15.2.1/../../../../arm-none-eabi/lib/thumb/v6-m/nofp\libg_nano.a(libc_a-findfp.o) (_fwalk_sglue)
C:/Users/hjeong/AppData/Local/Temp/claude/w--soc3050code/a559e7a7-84e8-4ace-bbb4-6c9199cf5364/scratchpad/xpack-arm-none-eabi-gcc-15.2.1-1.1/bin/../lib/gcc/arm-none-eabi/15.2.1/../../../../arm-none-eabi/lib/thumb/v6-m/nofp\libg_nano.a(libc_a-printf.o)
                              C:\Users\hjeong\AppData\Local\Temp\ccaElU8P.o (printf)
C:/Users/hjeong/AppData/Local/Temp/claude/w--soc3050code/a559e7a7-84e8-4ace-bbb4-6c9199cf5364/scratchpad/xpack-arm-none-eabi-gcc-15.2.1-1.1/bin/../lib/gcc/arm-none-eabi/15.2.1/../../../../arm-none-eabi/lib/thumb/v6-m/nofp\libg_nano.a(libc_a-puts.o)
                              C:\Users\hjeong\AppData\Local\Temp\ccaElU8P.o (puts)
C:/Users/hjeong/AppData/Local/Temp/claude/w--soc3050code/a559e7a7-84e8-4ace-bbb4-6c9199cf5364/scratchpad/xpack-arm-none-eabi-gcc-15.2.1-1.1/bin/../lib/gcc/arm-none-eabi/15.2.1/../../../../arm-none-eabi/lib/thumb/v6-m/nofp\libg_nano.a(libc_a-stdio.o)
                              C:/Users/hjeong/AppData/Local/Temp/claude/w--soc3050code/a559e7a7-84e8-4ace-bbb4-6c9199cf5364/scratchpad/xpack-arm-none-eabi-gcc-15.2.1-1.1/bin/../lib/gcc/arm-none-eabi/15.2.1/../../../../arm-none-eabi/lib/thumb/v6-m/nofp\libg_nano.a(libc_a-findfp.o) (__sread)
C:/Users/hjeong/AppData/Local/Temp/claude/w--soc3050code/a559e7a7-84e8-4ace-bbb4-6c9199cf5364/scratchpad/xpack-arm-none-eabi-gcc-15.2.1-1.1/bin/../lib/gcc/arm-none-eabi/15.2.1/../../../../arm-none-eabi/lib/thumb/v6-m/nofp\libg_nano.a(libc_a-wbuf.o)
                              C:/Users/hjeong/AppData/Local/Temp/claude/w--soc3050code/a559e7a7-84e8-4ace-bbb4-6c9199cf5364/scratchpad/xpack-arm-none-eabi-gcc-15.2.1-1.1/bin/../lib/gcc/arm-none-eabi/15.2.1/../../../../arm-none-eabi/lib/thumb/v6-m/nofp\libg_nano.a(libc_a-puts.o) (__swbuf_r)
C:/Users/hjeong/AppData/Local/Temp/claude/w--soc3050code/a559e7a7-84e8-4ace-bbb4-6c9199cf5364/scratchpad/xpack-arm-none-eabi-gcc-15.2.1-1.1/bin/../lib/gcc/arm-none-eabi/15.2.1/../../../../arm-none-eabi/lib/thumb/v6-m/nofp\libg_nano.a(libc_a-wsetup.o)
[...]
Memory Configuration

Name             Origin             Length             Attributes
FLASH            0x08000000         0x00008000         xr
RAM              0x20000000         0x00002000         rw
*default*        0x00000000         0xffffffff

Linker script and memory map

LOAD C:/Users/hjeong/AppData/Local/Temp/claude/w--soc3050code/a559e7a7-84e8-4ace-bbb4-6c9199cf5364/scratchpad/xpack-arm-none-eabi-gcc-15.2.1-1.1/bin/../lib/gcc/arm-none-eabi/15.2.1/thumb/v6-m/nofp/crti.o
LOAD C:/Users/hjeong/AppData/Local/Temp/claude/w--soc3050code/a559e7a7-84e8-4ace-bbb4-6c9199cf5364/scratchpad/xpack-arm-none-eabi-gcc-15.2.1-1.1/bin/../lib/gcc/arm-none-eabi/15.2.1/thumb/v6-m/nofp/crtbegin.o
LOAD C:/Users/hjeong/AppData/Local/Temp/claude/w--soc3050code/a559e7a7-84e8-4ace-bbb4-6c9199cf5364/scratchpad/xpack-arm-none-eabi-gcc-15.2.1-1.1/bin/../lib/gcc/arm-none-eabi/15.2.1/../../../../arm-none-eabi/lib/thumb/v6-m/nofp/crt0.o
LOAD C:\Users\hjeong\AppData\Local\Temp\cck1q0Go.o
LOAD C:\Users\hjeong\AppData\Local\Temp\ccaElU8P.o
START GROUP
LOAD C:/Users/hjeong/AppData/Local/Temp/claude/w--soc3050code/a559e7a7-84e8-4ace-bbb4-6c9199cf5364/scratchpad/xpack-arm-none-eabi-gcc-15.2.1-1.1/bin/../lib/gcc/arm-none-eabi/15.2.1/thumb/v6-m/nofp\libgcc.a
LOAD C:/Users/hjeong/AppData/Local/Temp/claude/w--soc3050code/a559e7a7-84e8-4ace-bbb4-6c9199cf5364/scratchpad/xpack-arm-none-eabi-gcc-15.2.1-1.1/bin/../lib/gcc/arm-none-eabi/15.2.1/../../../../arm-none-eabi/lib/thumb/v6-m/nofp\libg_nano.a
LOAD C:/Users/hjeong/AppData/Local/Temp/claude/w--soc3050code/a559e7a7-84e8-4ace-bbb4-6c9199cf5364/scratchpad/xpack-arm-none-eabi-gcc-15.2.1-1.1/bin/../lib/gcc/arm-none-eabi/15.2.1/../../../../arm-none-eabi/lib/thumb/v6-m/nofp\libc_nano.a
END GROUP
START GROUP
LOAD C:/Users/hjeong/AppData/Local/Temp/claude/w--soc3050code/a559e7a7-84e8-4ace-bbb4-6c9199cf5364/scratchpad/xpack-arm-none-eabi-gcc-15.2.1-1.1/bin/../lib/gcc/arm-none-eabi/15.2.1/thumb/v6-m/nofp\libgcc.a
LOAD C:/Users/hjeong/AppData/Local/Temp/claude/w--soc3050code/a559e7a7-84e8-4ace-bbb4-6c9199cf5364/scratchpad/xpack-arm-none-eabi-gcc-15.2.1-1.1/bin/../lib/gcc/arm-none-eabi/15.2.1/../../../../arm-none-eabi/lib/thumb/v6-m/nofp\libc_nano.a
LOAD C:/Users/hjeong/AppData/Local/Temp/claude/w--soc3050code/a559e7a7-84e8-4ace-bbb4-6c9199cf5364/scratchpad/xpack-arm-none-eabi-gcc-15.2.1-1.1/bin/../lib/gcc/arm-none-eabi/15.2.1/../../../../arm-none-eabi/lib/thumb/v6-m/nofp\libnosys.a
END GROUP
START GROUP
LOAD C:/Users/hjeong/AppData/Local/Temp/claude/w--soc3050code/a559e7a7-84e8-4ace-bbb4-6c9199cf5364/scratchpad/xpack-arm-none-eabi-gcc-15.2.1-1.1/bin/../lib/gcc/arm-none-eabi/15.2.1/thumb/v6-m/nofp\libgcc.a
LOAD C:/Users/hjeong/AppData/Local/Temp/claude/w--soc3050code/a559e7a7-84e8-4ace-bbb4-6c9199cf5364/scratchpad/xpack-arm-none-eabi-gcc-15.2.1-1.1/bin/../lib/gcc/arm-none-eabi/15.2.1/../../../../arm-none-eabi/lib/thumb/v6-m/nofp\libc_nano.a
LOAD C:/Users/hjeong/AppData/Local/Temp/claude/w--soc3050code/a559e7a7-84e8-4ace-bbb4-6c9199cf5364/scratchpad/xpack-arm-none-eabi-gcc-15.2.1-1.1/bin/../lib/gcc/arm-none-eabi/15.2.1/../../../../arm-none-eabi/lib/thumb/v6-m/nofp\libnosys.a
END GROUP
LOAD C:/Users/hjeong/AppData/Local/Temp/claude/w--soc3050code/a559e7a7-84e8-4ace-bbb4-6c9199cf5364/scratchpad/xpack-arm-none-eabi-gcc-15.2.1-1.1/bin/../lib/gcc/arm-none-eabi/15.2.1/thumb/v6-m/nofp/crtend.o
LOAD C:/Users/hjeong/AppData/Local/Temp/claude/w--soc3050code/a559e7a7-84e8-4ace-bbb4-6c9199cf5364/scratchpad/xpack-arm-none-eabi-gcc-15.2.1-1.1/bin/../lib/gcc/arm-none-eabi/15.2.1/thumb/v6-m/nofp/crtn.o
                0x20002000                        _estack = (ORIGIN (RAM) + LENGTH (RAM))
                0x00000200                        _Min_Heap_Size = 0x200
                0x00000400                        _Min_Stack_Size = 0x400

.isr_vector     0x08000000       0xb4
                0x08000000                        . = ALIGN (0x4)
 *(.isr_vector)
 .isr_vector    0x08000000       0xb4 C:\Users\hjeong\AppData\Local\Temp\cck1q0Go.o
                0x08000000                vectors
                0x080000b4                        . = ALIGN (0x4)

.text           0x080000b4     0x12ac
                0x080000b4                        . = ALIGN (0x4)
 *(.text)
 .text          0x080000b4      0x114 C:/Users/hjeong/AppData/Local/Temp/claude/w--soc3050code/a559e7a7-84e8-4ace-bbb4-6c9199cf5364/scratchpad/xpack-arm-none-eabi-gcc-15.2.1-1.1/bin/../lib/gcc/arm-none-eabi/15.2.1/thumb/v6-m/nofp\libgcc.a(_udivsi3.o)
                0x080000b4                __aeabi_uidiv
                0x080000b4                __udivsi3
                0x080001c0                __aeabi_uidivmod
 .text          0x080001c8        0x4 C:/Users/hjeong/AppData/Local/Temp/claude/w--soc3050code/a559e7a7-84e8-4ace-bbb4-6c9199cf5364/scratchpad/xpack-arm-none-eabi-gcc-15.2.1-1.1/bin/../lib/gcc/arm-none-eabi/15.2.1/thumb/v6-m/nofp\libgcc.a(_dvmd_tls.o)
                0x080001c8                __aeabi_idiv0
                0x080001c8                __aeabi_ldiv0
 .text          0x080001cc       0x14 C:/Users/hjeong/AppData/Local/Temp/claude/w--soc3050code/a559e7a7-84e8-4ace-bbb4-6c9199cf5364/scratchpad/xpack-arm-none-eabi-gcc-15.2.1-1.1/bin/../lib/gcc/arm-none-eabi/15.2.1/thumb/v6-m/nofp\libgcc.a(_thumb1_case_shi.o)
                0x080001cc                __gnu_thumb1_case_shi
 *(.text*)
 .text.__do_global_dtors_aux
                0x080001e0       0x28 C:/Users/hjeong/AppData/Local/Temp/claude/w--soc3050code/a559e7a7-84e8-4ace-bbb4-6c9199cf5364/scratchpad/xpack-arm-none-eabi-gcc-15.2.1-1.1/bin/../lib/gcc/arm-none-eabi/15.2.1/thumb/v6-m/nofp/crtbegin.o
 .text.frame_dummy
                0x08000208       0x20 C:/Users/hjeong/AppData/Local/Temp/claude/w--soc3050code/a559e7a7-84e8-4ace-bbb4-6c9199cf5364/scratchpad/xpack-arm-none-eabi-gcc-15.2.1-1.1/bin/../lib/gcc/arm-none-eabi/15.2.1/thumb/v6-m/nofp/crtbegin.o
 .text.Default_Handler
                0x08000228        0x2 C:\Users\hjeong\AppData\Local\Temp\cck1q0Go.o
                0x08000228                SysTick_Handler
                0x08000228                PendSV_Handler
                0x08000228                NMI_Handler
                0x08000228                Default_Handler
                0x08000228                SVC_Handler
                0x08000228                USART2_IRQHandler
                0x08000228                HardFault_Handler
 *fill*         0x0800022a        0x2 
 .text.SystemInit
                0x0800022c       0x3c C:\Users\hjeong\AppData\Local\Temp\cck1q0Go.o
                0x0800022c                SystemInit
 .text.Reset_Handler
                0x08000268       0x44 C:\Users\hjeong\AppData\Local\Temp\cck1q0Go.o
                0x08000268                Reset_Handler
 .text._write   0x080002ac       0x34 C:\Users\hjeong\AppData\Local\Temp\ccaElU8P.o
                0x080002ac                _write
 .text._read    0x080002e0        0x4 C:\Users\hjeong\AppData\Local\Temp\ccaElU8P.o
                0x080002e0                _read
 .text._close   0x080002e4        0x6 C:\Users\hjeong\AppData\Local\Temp\ccaElU8P.o
                0x080002e4                _close
 .text._isatty  0x080002ea        0x4 C:\Users\hjeong\AppData\Local\Temp\ccaElU8P.o
                0x080002ea                _isatty
 .text._lseek   0x080002ee        0x4 C:\Users\hjeong\AppData\Local\Temp\ccaElU8P.o
                0x080002ee                _lseek
 .text._fstat   0x080002f2        0x4 C:\Users\hjeong\AppData\Local\Temp\ccaElU8P.o
                0x080002f2                _fstat
 *fill*         0x080002f6        0x2 
 .text._sbrk    0x080002f8       0x1c C:\Users\hjeong\AppData\Local\Temp\ccaElU8P.o
                0x080002f8                _sbrk
 .text.startup.main
                0x08000314       0xec C:\Users\hjeong\AppData\Local\Temp\ccaElU8P.o
                0x08000314                main
 .text.std      0x08000400       0x6c C:/Users/hjeong/AppData/Local/Temp/claude/w--soc3050code/a559e7a7-84e8-4ace-bbb4-6c9199cf5364/scratchpad/xpack-arm-none-eabi-gcc-15.2.1-1.1/bin/../lib/gcc/arm-none-eabi/15.2.1/../../../../arm-none-eabi/lib/thumb/v6-m/nofp\libg_nano.a(libc_a-findfp.o)
 .text.stdio_exit_handler
                0x0800046c       0x1c C:/Users/hjeong/AppData/Local/Temp/claude/w--soc3050code/a559e7a7-84e8-4ace-bbb4-6c9199cf5364/scratchpad/xpack-arm-none-eabi-gcc-15.2.1-1.1/bin/../lib/gcc/arm-none-eabi/15.2.1/../../../../arm-none-eabi/lib/thumb/v6-m/nofp\libg_nano.a(libc_a-findfp.o)
 .text.cleanup_stdio
                0x08000488       0x3c C:/Users/hjeong/AppData/Local/Temp/claude/w--soc3050code/a559e7a7-84e8-4ace-bbb4-6c9199cf5364/scratchpad/xpack-arm-none-eabi-gcc-15.2.1-1.1/bin/../lib/gcc/arm-none-eabi/15.2.1/../../../../arm-none-eabi/lib/thumb/v6-m/nofp\libg_nano.a(libc_a-findfp.o)
 .text.global_stdio_init.part.0
                0x080004c4       0x3c C:/Users/hjeong/AppData/Local/Temp/claude/w--soc3050code/a559e7a7-84e8-4ace-bbb4-6c9199cf5364/scratchpad/xpack-arm-none-eabi-gcc-15.2.1-1.1/bin/../lib/gcc/arm-none-eabi/15.2.1/../../../../arm-none-eabi/lib/thumb/v6-m/nofp\libg_nano.a(libc_a-findfp.o)
 .text.__sfp_lock_acquire
                0x08000500       0x10 C:/Users/hjeong/AppData/Local/Temp/claude/w--soc3050code/a559e7a7-84e8-4ace-bbb4-6c9199cf5364/scratchpad/xpack-arm-none-eabi-gcc-15.2.1-1.1/bin/../lib/gcc/arm-none-eabi/15.2.1/../../../../arm-none-eabi/lib/thumb/v6-m/nofp\libg_nano.a(libc_a-findfp.o)
                0x08000500                __sfp_lock_acquire
 .text.__sfp_lock_release
                0x08000510       0x10 C:/Users/hjeong/AppData/Local/Temp/claude/w--soc3050code/a559e7a7-84e8-4ace-bbb4-6c9199cf5364/scratchpad/xpack-arm-none-eabi-gcc-15.2.1-1.1/bin/../lib/gcc/arm-none-eabi/15.2.1/../../../../arm-none-eabi/lib/thumb/v6-m/nofp\libg_nano.a(libc_a-findfp.o)
                0x08000510                __sfp_lock_release
 .text.__sinit  0x08000520       0x30 C:/Users/hjeong/AppData/Local/Temp/claude/w--soc3050code/a559e7a7-84e8-4ace-bbb4-6c9199cf5364/scratchpad/xpack-arm-none-eabi-gcc-15.2.1-1.1/bin/../lib/gcc/arm-none-eabi/15.2.1/../../../../arm-none-eabi/lib/thumb/v6-m/nofp\libg_nano.a(libc_a-findfp.o)
                0x08000520                __sinit
 .text._fwalk_sglue
                0x08000550       0x38 C:/Users/hjeong/AppData/Local/Temp/claude/w--soc3050code/a559e7a7-84e8-4ace-bbb4-6c9199cf5364/scratchpad/xpack-arm-none-eabi-gcc-15.2.1-1.1/bin/../lib/gcc/arm-none-eabi/15.2.1/../../../../arm-none-eabi/lib/thumb/v6-m/nofp\libg_nano.a(libc_a-fwalk.o)
                0x08000550                _fwalk_sglue
 .text.printf   0x08000588       0x20 C:/Users/hjeong/AppData/Local/Temp/claude/w--soc3050code/a559e7a7-84e8-4ace-bbb4-6c9199cf5364/scratchpad/xpack-arm-none-eabi-gcc-15.2.1-1.1/bin/../lib/gcc/arm-none-eabi/15.2.1/../../../../arm-none-eabi/lib/thumb/v6-m/nofp\libg_nano.a(libc_a-printf.o)
                0x08000588                iprintf
                0x08000588                printf
 .text._puts_r  0x080005a8       0xaa C:/Users/hjeong/AppData/Local/Temp/claude/w--soc3050code/a559e7a7-84e8-4ace-bbb4-6c9199cf5364/scratchpad/xpack-arm-none-eabi-gcc-15.2.1-1.1/bin/../lib/gcc/arm-none-eabi/15.2.1/../../../../arm-none-eabi/lib/thumb/v6-m/nofp\libg_nano.a(libc_a-puts.o)
                0x080005a8                _puts_r
 *fill*         0x08000652        0x2 
 .text.puts     0x08000654       0x14 C:/Users/hjeong/AppData/Local/Temp/claude/w--soc3050code/a559e7a7-84e8-4ace-bbb4-6c9199cf5364/scratchpad/xpack-arm-none-eabi-gcc-15.2.1-1.1/bin/../lib/gcc/arm-none-eabi/15.2.1/../../../../arm-none-eabi/lib/thumb/v6-m/nofp\libg_nano.a(libc_a-puts.o)
                0x08000654                puts
 .text.__sread  0x08000668       0x28 C:/Users/hjeong/AppData/Local/Temp/claude/w--soc3050code/a559e7a7-84e8-4ace-bbb4-6c9199cf5364/scratchpad/xpack-arm-none-eabi-gcc-15.2.1-1.1/bin/../lib/gcc/arm-none-eabi/15.2.1/../../../../arm-none-eabi/lib/thumb/v6-m/nofp\libg_nano.a(libc_a-stdio.o)
                0x08000668                __sread
 .text.__swrite
                0x08000690       0x38 C:/Users/hjeong/AppData/Local/Temp/claude/w--soc3050code/a559e7a7-84e8-4ace-bbb4-6c9199cf5364/scratchpad/xpack-arm-none-eabi-gcc-15.2.1-1.1/bin/../lib/gcc/arm-none-eabi/15.2.1/../../../../arm-none-eabi/lib/thumb/v6-m/nofp\libg_nano.a(libc_a-stdio.o)
                0x08000690                __swrite
 .text.__sseek  0x080006c8       0x2c C:/Users/hjeong/AppData/Local/Temp/claude/w--soc3050code/a559e7a7-84e8-4ace-bbb4-6c9199cf5364/scratchpad/xpack-arm-none-eabi-gcc-15.2.1-1.1/bin/../lib/gcc/arm-none-eabi/15.2.1/../../../../arm-none-eabi/lib/thumb/v6-m/nofp\libg_nano.a(libc_a-stdio.o)
                0x080006c8                __sseek
 .text.__sclose
                0x080006f4        0xc C:/Users/hjeong/AppData/Local/Temp/claude/w--soc3050code/a559e7a7-84e8-4ace-bbb4-6c9199cf5364/scratchpad/xpack-arm-none-eabi-gcc-15.2.1-1.1/bin/../lib/gcc/arm-none-eabi/15.2.1/../../../../arm-none-eabi/lib/thumb/v6-m/nofp\libg_nano.a(libc_a-stdio.o)
                0x080006f4                __sclose
 .text.__swbuf_r
                0x08000700       0x82 C:/Users/hjeong/AppData/Local/Temp/claude/w--soc3050code/a559e7a7-84e8-4ace-bbb4-6c9199cf5364/scratchpad/xpack-arm-none-eabi-gcc-15.2.1-1.1/bin/../lib/gcc/arm-none-eabi/15.2.1/../../../../arm-none-eabi/lib/thumb/v6-m/nofp\libg_nano.a(libc_a-wbuf.o)
                0x08000700                __swbuf_r
 *fill*         0x08000782        0x2 
 .text.__swsetup_r
                0x08000784       0xb8 C:/Users/hjeong/AppData/Local/Temp/claude/w--soc3050code/a559e7a7-84e8-4ace-bbb4-6c9199cf5364/scratchpad/xpack-arm-none-eabi-gcc-15.2.1-1.1/bin/../lib/gcc/arm-none-eabi/15.2.1/../../../../arm-none-eabi/lib/thumb/v6-m/nofp\libg_nano.a(libc_a-wsetup.o)
                0x08000784                __swsetup_r
 .text.memset   0x0800083c       0x10 C:/Users/hjeong/AppData/Local/Temp/claude/w--soc3050code/a559e7a7-84e8-4ace-bbb4-6c9199cf5364/scratchpad/xpack-arm-none-eabi-gcc-15.2.1-1.1/bin/../lib/gcc/arm-none-eabi/15.2.1/../../../../arm-none-eabi/lib/thumb/v6-m/nofp\libg_nano.a(libc_a-memset.o)
                0x0800083c                memset
 .text._close_r
                0x0800084c       0x24 C:/Users/hjeong/AppData/Local/Temp/claude/w--soc3050code/a559e7a7-84e8-4ace-bbb4-6c9199cf5364/scratchpad/xpack-arm-none-eabi-gcc-15.2.1-1.1/bin/../lib/gcc/arm-none-eabi/15.2.1/../../../../arm-none-eabi/lib/thumb/v6-m/nofp\libg_nano.a(libc_a-closer.o)
                0x0800084c                _close_r
 .text._lseek_r
                0x08000870       0x28 C:/Users/hjeong/AppData/Local/Temp/claude/w--soc3050code/a559e7a7-84e8-4ace-bbb4-6c9199cf5364/scratchpad/xpack-arm-none-eabi-gcc-15.2.1-1.1/bin/../lib/gcc/arm-none-eabi/15.2.1/../../../../arm-none-eabi/lib/thumb/v6-m/nofp\libg_nano.a(libc_a-lseekr.o)
                0x08000870                _lseek_r
 .text._read_r  0x08000898       0x28 C:/Users/hjeong/AppData/Local/Temp/claude/w--soc3050code/a559e7a7-84e8-4ace-bbb4-6c9199cf5364/scratchpad/xpack-arm-none-eabi-gcc-15.2.1-1.1/bin/../lib/gcc/arm-none-eabi/15.2.1/../../../../arm-none-eabi/lib/thumb/v6-m/nofp\libg_nano.a(libc_a-readr.o)
                0x08000898                _read_r
 .text._write_r
                0x080008c0       0x28 C:/Users/hjeong/AppData/Local/Temp/claude/w--soc3050code/a559e7a7-84e8-4ace-bbb4-6c9199cf5364/scratchpad/xpack-arm-none-eabi-gcc-15.2.1-1.1/bin/../lib/gcc/arm-none-eabi/15.2.1/../../../../arm-none-eabi/lib/thumb/v6-m/nofp\libg_nano.a(libc_a-writer.o)
                0x080008c0                _write_r
 .text.__libc_init_array
                0x080008e8       0x48 C:/Users/hjeong/AppData/Local/Temp/claude/w--soc3050code/a559e7a7-84e8-4ace-bbb4-6c9199cf5364/scratchpad/xpack-arm-none-eabi-gcc-15.2.1-1.1/bin/../lib/gcc/arm-none-eabi/15.2.1/../../../../arm-none-eabi/lib/thumb/v6-m/nofp\libg_nano.a(libc_a-init.o)
                0x080008e8                __libc_init_array
 .text.__retarget_lock_init_recursive
                0x08000930        0x2 C:/Users/hjeong/AppData/Local/Temp/claude/w--soc3050code/a559e7a7-84e8-4ace-bbb4-6c9199cf5364/scratchpad/xpack-arm-none-eabi-gcc-15.2.1-1.1/bin/../lib/gcc/arm-none-eabi/15.2.1/../../../../arm-none-eabi/lib/thumb/v6-m/nofp\libg_nano.a(libc_a-lock.o)
                0x08000930                __retarget_lock_init_recursive
 .text.__retarget_lock_acquire_recursive
                0x08000932        0x2 C:/Users/hjeong/AppData/Local/Temp/claude/w--soc3050code/a559e7a7-84e8-4ace-bbb4-6c9199cf5364/scratchpad/xpack-arm-none-eabi-gcc-15.2.1-1.1/bin/../lib/gcc/arm-none-eabi/15.2.1/../../../../arm-none-eabi/lib/thumb/v6-m/nofp\libg_nano.a(libc_a-lock.o)
                0x08000932                __retarget_lock_acquire_recursive
 .text.__retarget_lock_release_recursive
                0x08000934        0x2 C:/Users/hjeong/AppData/Local/Temp/claude/w--soc3050code/a559e7a7-84e8-4ace-bbb4-6c9199cf5364/scratchpad/xpack-arm-none-eabi-gcc-15.2.1-1.1/bin/../lib/gcc/arm-none-eabi/15.2.1/../../../../arm-none-eabi/lib/thumb/v6-m/nofp\libg_nano.a(libc_a-lock.o)
                0x08000934                __retarget_lock_release_recursive
 *fill*         0x08000936        0x2 
 .text._free_r  0x08000938       0x94 C:/Users/hjeong/AppData/Local/Temp/claude/w--soc3050code/a559e7a7-84e8-4ace-bbb4-6c9199cf5364/scratchpad/xpack-arm-none-eabi-gcc-15.2.1-1.1/bin/../lib/gcc/arm-none-eabi/15.2.1/../../../../arm-none-eabi/lib/thumb/v6-m/nofp\libg_nano.a(libc_a-freer.o)
                0x08000938                _free_r
 .text.sbrk_aligned
                0x080009cc       0x44 C:/Users/hjeong/AppData/Local/Temp/claude/w--soc3050code/a559e7a7-84e8-4ace-bbb4-6c9199cf5364/scratchpad/xpack-arm-none-eabi-gcc-15.2.1-1.1/bin/../lib/gcc/arm-none-eabi/15.2.1/../../../../arm-none-eabi/lib/thumb/v6-m/nofp\libg_nano.a(libc_a-mallocr.o)
 .text._malloc_r
                0x08000a10      0x100 C:/Users/hjeong/AppData/Local/Temp/claude/w--soc3050code/a559e7a7-84e8-4ace-bbb4-6c9199cf5364/scratchpad/xpack-arm-none-eabi-gcc-15.2.1-1.1/bin/../lib/gcc/arm-none-eabi/15.2.1/../../../../arm-none-eabi/lib/thumb/v6-m/nofp\libg_nano.a(libc_a-mallocr.o)
                0x08000a10                _malloc_r
 .text.__malloc_lock
                0x08000b10       0x10 C:/Users/hjeong/AppData/Local/Temp/claude/w--soc3050code/a559e7a7-84e8-4ace-bbb4-6c9199cf5364/scratchpad/xpack-arm-none-eabi-gcc-15.2.1-1.1/bin/../lib/gcc/arm-none-eabi/15.2.1/../../../../arm-none-eabi/lib/thumb/v6-m/nofp\libg_nano.a(libc_a-mlock.o)
                0x08000b10                __malloc_lock
 .text.__malloc_unlock
                0x08000b20       0x10 C:/Users/hjeong/AppData/Local/Temp/claude/w--soc3050code/a559e7a7-84e8-4ace-bbb4-6c9199cf5364/scratchpad/xpack-arm-none-eabi-gcc-15.2.1-1.1/bin/../lib/gcc/arm-none-eabi/15.2.1/../../../../arm-none-eabi/lib/thumb/v6-m/nofp\libg_nano.a(libc_a-mlock.o)
                0x08000b20                __malloc_unlock
 .text.__sfputc_r
                0x08000b30       0x2a C:/Users/hjeong/AppData/Local/Temp/claude/w--soc3050code/a559e7a7-84e8-4ace-bbb4-6c9199cf5364/scratchpad/xpack-arm-none-eabi-gcc-15.2.1-1.1/bin/../lib/gcc/arm-none-eabi/15.2.1/../../../../arm-none-eabi/lib/thumb/v6-m/nofp\libg_nano.a(libc_a-nano-vfprintf.o)
 .text.__sfputs_r
                0x08000b5a       0x24 C:/Users/hjeong/AppData/Local/Temp/claude/w--soc3050code/a559e7a7-84e8-4ace-bbb4-6c9199cf5364/scratchpad/xpack-arm-none-eabi-gcc-15.2.1-1.1/bin/../lib/gcc/arm-none-eabi/15.2.1/../../../../arm-none-eabi/lib/thumb/v6-m/nofp\libg_nano.a(libc_a-nano-vfprintf.o)
                0x08000b5a                __sfputs_r
 *fill*         0x08000b7e        0x2 
 .text._vfprintf_r
                0x08000b80      0x224 C:/Users/hjeong/AppData/Local/Temp/claude/w--soc3050code/a559e7a7-84e8-4ace-bbb4-6c9199cf5364/scratchpad/xpack-arm-none-eabi-gcc-15.2.1-1.1/bin/../lib/gcc/arm-none-eabi/15.2.1/../../../../arm-none-eabi/lib/thumb/v6-m/nofp\libg_nano.a(libc_a-nano-vfprintf.o)
                0x08000b80                _vfprintf_r
                0x08000b80                _vfiprintf_r
 .text._printf_common
                0x08000da4       0xde C:/Users/hjeong/AppData/Local/Temp/claude/w--soc3050code/a559e7a7-84e8-4ace-bbb4-6c9199cf5364/scratchpad/xpack-arm-none-eabi-gcc-15.2.1-1.1/bin/../lib/gcc/arm-none-eabi/15.2.1/../../../../arm-none-eabi/lib/thumb/v6-m/nofp\libg_nano.a(libc_a-nano-vfprintf_i.o)
                0x08000da4                _printf_common
 *fill*         0x08000e82        0x2 
 .text._printf_i
                0x08000e84      0x214 C:/Users/hjeong/AppData/Local/Temp/claude/w--soc3050code/a559e7a7-84e8-4ace-bbb4-6c9199cf5364/scratchpad/xpack-arm-none-eabi-gcc-15.2.1-1.1/bin/../lib/gcc/arm-none-eabi/15.2.1/../../../../arm-none-eabi/lib/thumb/v6-m/nofp\libg_nano.a(libc_a-nano-vfprintf_i.o)
                0x08000e84                _printf_i
 .text.__sflush_r
                0x08001098      0x10c C:/Users/hjeong/AppData/Local/Temp/claude/w--soc3050code/a559e7a7-84e8-4ace-bbb4-6c9199cf5364/scratchpad/xpack-arm-none-eabi-gcc-15.2.1-1.1/bin/../lib/gcc/arm-none-eabi/15.2.1/../../../../arm-none-eabi/lib/thumb/v6-m/nofp\libg_nano.a(libc_a-fflush.o)
                0x08001098                __sflush_r
 .text._fflush_r
                0x080011a4       0x56 C:/Users/hjeong/AppData/Local/Temp/claude/w--soc3050code/a559e7a7-84e8-4ace-bbb4-6c9199cf5364/scratchpad/xpack-arm-none-eabi-gcc-15.2.1-1.1/bin/../lib/gcc/arm-none-eabi/15.2.1/../../../../arm-none-eabi/lib/thumb/v6-m/nofp\libg_nano.a(libc_a-fflush.o)
                0x080011a4                _fflush_r
 *fill*         0x080011fa        0x2 
 .text.__swhatbuf_r
                0x080011fc       0x54 C:/Users/hjeong/AppData/Local/Temp/claude/w--soc3050code/a559e7a7-84e8-4ace-bbb4-6c9199cf5364/scratchpad/xpack-arm-none-eabi-gcc-15.2.1-1.1/bin/../lib/gcc/arm-none-eabi/15.2.1/../../../../arm-none-eabi/lib/thumb/v6-m/nofp\libg_nano.a(libc_a-makebuf.o)
                0x080011fc                __swhatbuf_r
 .text.__smakebuf_r
                0x08001250       0x72 C:/Users/hjeong/AppData/Local/Temp/claude/w--soc3050code/a559e7a7-84e8-4ace-bbb4-6c9199cf5364/scratchpad/xpack-arm-none-eabi-gcc-15.2.1-1.1/bin/../lib/gcc/arm-none-eabi/15.2.1/../../../../arm-none-eabi/lib/thumb/v6-m/nofp\libg_nano.a(libc_a-makebuf.o)
                0x08001250                __smakebuf_r
 *fill*         0x080012c2        0x2 
 .text._fstat_r
                0x080012c4       0x24 C:/Users/hjeong/AppData/Local/Temp/claude/w--soc3050code/a559e7a7-84e8-4ace-bbb4-6c9199cf5364/scratchpad/xpack-arm-none-eabi-gcc-15.2.1-1.1/bin/../lib/gcc/arm-none-eabi/15.2.1/../../../../arm-none-eabi/lib/thumb/v6-m/nofp\libg_nano.a(libc_a-fstatr.o)
                0x080012c4                _fstat_r
 .text._isatty_r
                0x080012e8       0x24 C:/Users/hjeong/AppData/Local/Temp/claude/w--soc3050code/a559e7a7-84e8-4ace-bbb4-6c9199cf5364/scratchpad/xpack-arm-none-eabi-gcc-15.2.1-1.1/bin/../lib/gcc/arm-none-eabi/15.2.1/../../../../arm-none-eabi/lib/thumb/v6-m/nofp\libg_nano.a(libc_a-isattyr.o)
                0x080012e8                _isatty_r
 .text._sbrk_r  0x0800130c       0x24 C:/Users/hjeong/AppData/Local/Temp/claude/w--soc3050code/a559e7a7-84e8-4ace-bbb4-6c9199cf5364/scratchpad/xpack-arm-none-eabi-gcc-15.2.1-1.1/bin/../lib/gcc/arm-none-eabi/15.2.1/../../../../arm-none-eabi/lib/thumb/v6-m/nofp\libg_nano.a(libc_a-sbrkr.o)
                0x0800130c                _sbrk_r
 .text.memchr   0x08001330       0x16 C:/Users/hjeong/AppData/Local/Temp/claude/w--soc3050code/a559e7a7-84e8-4ace-bbb4-6c9199cf5364/scratchpad/xpack-arm-none-eabi-gcc-15.2.1-1.1/bin/../lib/gcc/arm-none-eabi/15.2.1/../../../../arm-none-eabi/lib/thumb/v6-m/nofp\libg_nano.a(libc_a-memchr-stub.o)
                0x08001330                memchr
 *(.glue_7)
 .glue_7        0x08001346        0x0 linker stubs
 *(.glue_7t)
 .glue_7t       0x08001346        0x0 linker stubs
 *(.eh_frame)
 *fill*         0x08001346        0x2 
 .eh_frame      0x08001348        0x0 C:/Users/hjeong/AppData/Local/Temp/claude/w--soc3050code/a559e7a7-84e8-4ace-bbb4-6c9199cf5364/scratchpad/xpack-arm-none-eabi-gcc-15.2.1-1.1/bin/../lib/gcc/arm-none-eabi/15.2.1/thumb/v6-m/nofp/crtbegin.o
 *(.init)
 .init          0x08001348        0x4 C:/Users/hjeong/AppData/Local/Temp/claude/w--soc3050code/a559e7a7-84e8-4ace-bbb4-6c9199cf5364/scratchpad/xpack-arm-none-eabi-gcc-15.2.1-1.1/bin/../lib/gcc/arm-none-eabi/15.2.1/thumb/v6-m/nofp/crti.o
                0x08001348                _init
 .init          0x0800134c        0x8 C:/Users/hjeong/AppData/Local/Temp/claude/w--soc3050code/a559e7a7-84e8-4ace-bbb4-6c9199cf5364/scratchpad/xpack-arm-none-eabi-gcc-15.2.1-1.1/bin/../lib/gcc/arm-none-eabi/15.2.1/thumb/v6-m/nofp/crtn.o
 *(.fini)
 .fini          0x08001354        0x4 C:/Users/hjeong/AppData/Local/Temp/claude/w--soc3050code/a559e7a7-84e8-4ace-bbb4-6c9199cf5364/scratchpad/xpack-arm-none-eabi-gcc-15.2.1-1.1/bin/../lib/gcc/arm-none-eabi/15.2.1/thumb/v6-m/nofp/crti.o
                0x08001354                _fini
 .fini          0x08001358        0x8 C:/Users/hjeong/AppData/Local/Temp/claude/w--soc3050code/a559e7a7-84e8-4ace-bbb4-6c9199cf5364/scratchpad/xpack-arm-none-eabi-gcc-15.2.1-1.1/bin/../lib/gcc/arm-none-eabi/15.2.1/thumb/v6-m/nofp/crtn.o
                0x08001360                        . = ALIGN (0x4)
                0x08001360                        _etext = .

.vfp11_veneer   0x08001360        0x0
 .vfp11_veneer  0x08001360        0x0 linker stubs

.v4_bx          0x08001360        0x0
 .v4_bx         0x08001360        0x0 linker stubs

.iplt           0x08001360        0x0
 .iplt          0x08001360        0x0 C:/Users/hjeong/AppData/Local/Temp/claude/w--soc3050code/a559e7a7-84e8-4ace-bbb4-6c9199cf5364/scratchpad/xpack-arm-none-eabi-gcc-15.2.1-1.1/bin/../lib/gcc/arm-none-eabi/15.2.1/thumb/v6-m/nofp/crtbegin.o

.rodata         0x08001360       0xb8
                0x08001360                        . = ALIGN (0x4)
 *(.rodata)
 *(.rodata*)
 .rodata.main.str1.1
                0x08001360       0xb6 C:\Users\hjeong\AppData\Local\Temp\ccaElU8P.o
                                 0x83 (size before relaxing)
 .rodata._vfprintf_r.str1.1
                0x08001416        0x0 C:/Users/hjeong/AppData/Local/Temp/claude/w--soc3050code/a559e7a7-84e8-4ace-bbb4-6c9199cf5364/scratchpad/xpack-arm-none-eabi-gcc-15.2.1-1.1/bin/../lib/gcc/arm-none-eabi/15.2.1/../../../../arm-none-eabi/lib/thumb/v6-m/nofp\libg_nano.a(libc_a-nano-vfprintf.o)
                                 0x11 (size before relaxing)
 .rodata._printf_i.str1.1
                0x08001416        0x0 C:/Users/hjeong/AppData/Local/Temp/claude/w--soc3050code/a559e7a7-84e8-4ace-bbb4-6c9199cf5364/scratchpad/xpack-arm-none-eabi-gcc-15.2.1-1.1/bin/../lib/gcc/arm-none-eabi/15.2.1/../../../../arm-none-eabi/lib/thumb/v6-m/nofp\libg_nano.a(libc_a-nano-vfprintf_i.o)
                                 0x22 (size before relaxing)
                0x08001418                        . = ALIGN (0x4)
 *fill*         0x08001416        0x2 

.ARM.extab
 *(.ARM.extab* .gnu.linkonce.armextab.*)

.ARM            0x08001418        0x0
                0x08001418                        __exidx_start = .
 *(.ARM.exidx*)
                0x08001418                        __exidx_end = .

.preinit_array  0x08001418        0x0
                0x08001418                        PROVIDE (__preinit_array_start = .)
 *(.preinit_array*)
                0x08001418                        PROVIDE (__preinit_array_end = .)

.init_array     0x08001418        0x4
                0x08001418                        PROVIDE (__init_array_start = .)
 *(SORT_BY_NAME(.init_array.*))
 *(.init_array*)
 .init_array    0x08001418        0x4 C:/Users/hjeong/AppData/Local/Temp/claude/w--soc3050code/a559e7a7-84e8-4ace-bbb4-6c9199cf5364/scratchpad/xpack-arm-none-eabi-gcc-15.2.1-1.1/bin/../lib/gcc/arm-none-eabi/15.2.1/thumb/v6-m/nofp/crtbegin.o
                0x0800141c                        PROVIDE (__init_array_end = .)

.fini_array     0x0800141c        0x4
                0x0800141c                        PROVIDE (__fini_array_start = .)
 *(SORT_BY_NAME(.fini_array.*))
 *(.fini_array*)
 .fini_array    0x0800141c        0x4 C:/Users/hjeong/AppData/Local/Temp/claude/w--soc3050code/a559e7a7-84e8-4ace-bbb4-6c9199cf5364/scratchpad/xpack-arm-none-eabi-gcc-15.2.1-1.1/bin/../lib/gcc/arm-none-eabi/15.2.1/thumb/v6-m/nofp/crtbegin.o
                0x08001420                        PROVIDE (__fini_array_end = .)
                0x08001420                        _sidata = LOADADDR (.data)

.rel.dyn        0x08001420        0x0
 .rel.iplt      0x08001420        0x0 C:/Users/hjeong/AppData/Local/Temp/claude/w--soc3050code/a559e7a7-84e8-4ace-bbb4-6c9199cf5364/scratchpad/xpack-arm-none-eabi-gcc-15.2.1-1.1/bin/../lib/gcc/arm-none-eabi/15.2.1/thumb/v6-m/nofp/crtbegin.o

.data           0x20000000       0x60 load address 0x08001420
                0x20000000                        . = ALIGN (0x4)
                0x20000000                        _sdata = .
 *(.data)
 *(.data*)
 .data.SystemCoreClock
                0x20000000        0x4 C:\Users\hjeong\AppData\Local\Temp\cck1q0Go.o
                0x20000000                SystemCoreClock
 .data.__sglue  0x20000004        0xc C:/Users/hjeong/AppData/Local/Temp/claude/w--soc3050code/a559e7a7-84e8-4ace-bbb4-6c9199cf5364/scratchpad/xpack-arm-none-eabi-gcc-15.2.1-1.1/bin/../lib/gcc/arm-none-eabi/15.2.1/../../../../arm-none-eabi/lib/thumb/v6-m/nofp\libg_nano.a(libc_a-findfp.o)
                0x20000004                __sglue
 .data._impure_ptr
                0x20000010        0x4 C:/Users/hjeong/AppData/Local/Temp/claude/w--soc3050code/a559e7a7-84e8-4ace-bbb4-6c9199cf5364/scratchpad/xpack-arm-none-eabi-gcc-15.2.1-1.1/bin/../lib/gcc/arm-none-eabi/15.2.1/../../../../arm-none-eabi/lib/thumb/v6-m/nofp\libg_nano.a(libc_a-impure.o)
                0x20000010                _impure_ptr
 .data._impure_data
                0x20000014       0x4c C:/Users/hjeong/AppData/Local/Temp/claude/w--soc3050code/a559e7a7-84e8-4ace-bbb4-6c9199cf5364/scratchpad/xpack-arm-none-eabi-gcc-15.2.1-1.1/bin/../lib/gcc/arm-none-eabi/15.2.1/../../../../arm-none-eabi/lib/thumb/v6-m/nofp\libg_nano.a(libc_a-impure.o)
                0x20000014                _impure_data
                0x20000060                        . = ALIGN (0x4)
                0x20000060                        _edata = .

.igot.plt       0x20000060        0x0 load address 0x08001480
 .igot.plt      0x20000060        0x0 C:/Users/hjeong/AppData/Local/Temp/claude/w--soc3050code/a559e7a7-84e8-4ace-bbb4-6c9199cf5364/scratchpad/xpack-arm-none-eabi-gcc-15.2.1-1.1/bin/../lib/gcc/arm-none-eabi/15.2.1/thumb/v6-m/nofp/crtbegin.o
                0x20000060                        . = ALIGN (0x4)

.bss            0x20000060      0x16c load address 0x08001480
                0x20000060                        _sbss = .
                0x20000060                        __bss_start__ = _sbss
 *(.bss)
 *(.bss*)
 .bss.completed.1
                0x20000060        0x1 C:/Users/hjeong/AppData/Local/Temp/claude/w--soc3050code/a559e7a7-84e8-4ace-bbb4-6c9199cf5364/scratchpad/xpack-arm-none-eabi-gcc-15.2.1-1.1/bin/../lib/gcc/arm-none-eabi/15.2.1/thumb/v6-m/nofp/crtbegin.o
 *fill*         0x20000061        0x3 
 .bss.object.0  0x20000064       0x18 C:/Users/hjeong/AppData/Local/Temp/claude/w--soc3050code/a559e7a7-84e8-4ace-bbb4-6c9199cf5364/scratchpad/xpack-arm-none-eabi-gcc-15.2.1-1.1/bin/../lib/gcc/arm-none-eabi/15.2.1/thumb/v6-m/nofp/crtbegin.o
 .bss.brk.0     0x2000007c        0x4 C:\Users\hjeong\AppData\Local\Temp\ccaElU8P.o
 .bss.__sf      0x20000080      0x138 C:/Users/hjeong/AppData/Local/Temp/claude/w--soc3050code/a559e7a7-84e8-4ace-bbb4-6c9199cf5364/scratchpad/xpack-arm-none-eabi-gcc-15.2.1-1.1/bin/../lib/gcc/arm-none-eabi/15.2.1/../../../../arm-none-eabi/lib/thumb/v6-m/nofp\libg_nano.a(libc_a-findfp.o)
                0x20000080                __sf
 .bss.__stdio_exit_handler
                0x200001b8        0x4 C:/Users/hjeong/AppData/Local/Temp/claude/w--soc3050code/a559e7a7-84e8-4ace-bbb4-6c9199cf5364/scratchpad/xpack-arm-none-eabi-gcc-15.2.1-1.1/bin/../lib/gcc/arm-none-eabi/15.2.1/../../../../arm-none-eabi/lib/thumb/v6-m/nofp\libg_nano.a(libc_a-findfp.o)
                0x200001b8                __stdio_exit_handler
 .bss.errno     0x200001bc        0x4 C:/Users/hjeong/AppData/Local/Temp/claude/w--soc3050code/a559e7a7-84e8-4ace-bbb4-6c9199cf5364/scratchpad/xpack-arm-none-eabi-gcc-15.2.1-1.1/bin/../lib/gcc/arm-none-eabi/15.2.1/../../../../arm-none-eabi/lib/thumb/v6-m/nofp\libg_nano.a(libc_a-reent.o)
                0x200001bc                errno
 .bss.__lock___malloc_recursive_mutex
                0x200001c0        0x1 C:/Users/hjeong/AppData/Local/Temp/claude/w--soc3050code/a559e7a7-84e8-4ace-bbb4-6c9199cf5364/scratchpad/xpack-arm-none-eabi-gcc-15.2.1-1.1/bin/../lib/gcc/arm-none-eabi/15.2.1/../../../../arm-none-eabi/lib/thumb/v6-m/nofp\libg_nano.a(libc_a-lock.o)
                0x200001c0                __lock___malloc_recursive_mutex
 .bss.__lock___sfp_recursive_mutex
                0x200001c1        0x1 C:/Users/hjeong/AppData/Local/Temp/claude/w--soc3050code/a559e7a7-84e8-4ace-bbb4-6c9199cf5364/scratchpad/xpack-arm-none-eabi-gcc-15.2.1-1.1/bin/../lib/gcc/arm-none-eabi/15.2.1/../../../../arm-none-eabi/lib/thumb/v6-m/nofp\libg_nano.a(libc_a-lock.o)
                0x200001c1                __lock___sfp_recursive_mutex
 *fill*         0x200001c2        0x2 
 .bss.__malloc_sbrk_start
                0x200001c4        0x4 C:/Users/hjeong/AppData/Local/Temp/claude/w--soc3050code/a559e7a7-84e8-4ace-bbb4-6c9199cf5364/scratchpad/xpack-arm-none-eabi-gcc-15.2.1-1.1/bin/../lib/gcc/arm-none-eabi/15.2.1/../../../../arm-none-eabi/lib/thumb/v6-m/nofp\libg_nano.a(libc_a-mallocr.o)
                0x200001c4                __malloc_sbrk_start
 .bss.__malloc_free_list
                0x200001c8        0x4 C:/Users/hjeong/AppData/Local/Temp/claude/w--soc3050code/a559e7a7-84e8-4ace-bbb4-6c9199cf5364/scratchpad/xpack-arm-none-eabi-gcc-15.2.1-1.1/bin/../lib/gcc/arm-none-eabi/15.2.1/../../../../arm-none-eabi/lib/thumb/v6-m/nofp\libg_nano.a(libc_a-mallocr.o)
                0x200001c8                __malloc_free_list
 *(COMMON)
                0x200001cc                        . = ALIGN (0x4)
                0x200001cc                        _ebss = .
                0x200001cc                        __bss_end__ = _ebss

._user_heap_stack
                0x200001cc      0x604 load address 0x08001480
                0x200001d0                        . = ALIGN (0x8)
 *fill*         0x200001cc        0x4 
                0x200001d0                        PROVIDE (end = .)
                [!provide]                        PROVIDE (_end = .)
                0x200003d0                        . = (. + _Min_Heap_Size)
 *fill*         0x200001d0      0x200 
                0x200007d0                        . = (. + _Min_Stack_Size)
 *fill*         0x200003d0      0x400 
                0x200007d0                        . = ALIGN (0x8)

.ARM.attributes
                0x00000000       0x28
 *(.ARM.attributes)
 .ARM.attributes
                0x00000000       0x1e C:/Users/hjeong/AppData/Local/Temp/claude/w--soc3050code/a559e7a7-84e8-4ace-bbb4-6c9199cf5364/scratchpad/xpack-arm-none-eabi-gcc-15.2.1-1.1/bin/../lib/gcc/arm-none-eabi/15.2.1/thumb/v6-m/nofp/crti.o
 .ARM.attributes
                0x0000001e       0x2c C:/Users/hjeong/AppData/Local/Temp/claude/w--soc3050code/a559e7a7-84e8-4ace-bbb4-6c9199cf5364/scratchpad/xpack-arm-none-eabi-gcc-15.2.1-1.1/bin/../lib/gcc/arm-none-eabi/15.2.1/thumb/v6-m/nofp/crtbegin.o
 .ARM.attributes
                0x0000004a       0x2c C:\Users\hjeong\AppData\Local\Temp\cck1q0Go.o
 .ARM.attributes
                0x00000076       0x2c C:\Users\hjeong\AppData\Local\Temp\ccaElU8P.o
 .ARM.attributes
                0x000000a2       0x1e C:/Users/hjeong/AppData/Local/Temp/claude/w--soc3050code/a559e7a7-84e8-4ace-bbb4-6c9199cf5364/scratchpad/xpack-arm-none-eabi-gcc-15.2.1-1.1/bin/../lib/gcc/arm-none-eabi/15.2.1/thumb/v6-m/nofp\libgcc.a(_udivsi3.o)
 .ARM.attributes
                0x000000c0       0x1e C:/Users/hjeong/AppData/Local/Temp/claude/w--soc3050code/a559e7a7-84e8-4ace-bbb4-6c9199cf5364/scratchpad/xpack-arm-none-eabi-gcc-15.2.1-1.1/bin/../lib/gcc/arm-none-eabi/15.2.1/thumb/v6-m/nofp\libgcc.a(_dvmd_tls.o)
 .ARM.attributes
                0x000000de       0x2c C:/Users/hjeong/AppData/Local/Temp/claude/w--soc3050code/a559e7a7-84e8-4ace-bbb4-6c9199cf5364/scratchpad/xpack-arm-none-eabi-gcc-15.2.1-1.1/bin/../lib/gcc/arm-none-eabi/15.2.1/../../../../arm-none-eabi/lib/thumb/v6-m/nofp\libg_nano.a(libc_a-findfp.o)
 .ARM.attributes
                0x0000010a       0x2c C:/Users/hjeong/AppData/Local/Temp/claude/w--soc3050code/a559e7a7-84e8-4ace-bbb4-6c9199cf5364/scratchpad/xpack-arm-none-eabi-gcc-15.2.1-1.1/bin/../lib/gcc/arm-none-eabi/15.2.1/../../../../arm-none-eabi/lib/thumb/v6-m/nofp\libg_nano.a(libc_a-fwalk.o)
 .ARM.attributes
                0x00000136       0x2c C:/Users/hjeong/AppData/Local/Temp/claude/w--soc3050code/a559e7a7-84e8-4ace-bbb4-6c9199cf5364/scratchpad/xpack-arm-none-eabi-gcc-15.2.1-1.1/bin/../lib/gcc/arm-none-eabi/15.2.1/../../../../arm-none-eabi/lib/thumb/v6-m/nofp\libg_nano.a(libc_a-printf.o)
 .ARM.attributes
                0x00000162       0x2c C:/Users/hjeong/AppData/Local/Temp/claude/w--soc3050code/a559e7a7-84e8-4ace-bbb4-6c9199cf5364/scratchpad/xpack-arm-none-eabi-gcc-15.2.1-1.1/bin/../lib/gcc/arm-none-eabi/15.2.1/../../../../arm-none-eabi/lib/thumb/v6-m/nofp\libg_nano.a(libc_a-puts.o)
 .ARM.attributes
                0x0000018e       0x2c C:/Users/hjeong/AppData/Local/Temp/claude/w--soc3050code/a559e7a7-84e8-4ace-bbb4-6c9199cf5364/scratchpad/xpack-arm-none-eabi-gcc-15.2.1-1.1/bin/../lib/gcc/arm-none-eabi/15.2.1/../../../../arm-none-eabi/lib/thumb/v6-m/nofp\libg_nano.a(libc_a-stdio.o)
 .ARM.attributes
                0x000001ba       0x2c C:/Users/hjeong/AppData/Local/Temp/claude/w--soc3050code/a559e7a7-84e8-4ace-bbb4-6c9199cf5364/scratchpad/xpack-arm-none-eabi-gcc-15.2.1-1.1/bin/../lib/gcc/arm-none-eabi/15.2.1/../../../../arm-none-eabi/lib/thumb/v6-m/nofp\libg_nano.a(libc_a-wbuf.o)
 .ARM.attributes
                0x000001e6       0x2c C:/Users/hjeong/AppData/Local/Temp/claude/w--soc3050code/a559e7a7-84e8-4ace-bbb4-6c9199cf5364/scratchpad/xpack-arm-none-eabi-gcc-15.2.1-1.1/bin/../lib/gcc/arm-none-eabi/15.2.1/../../../../arm-none-eabi/lib/thumb/v6-m/nofp\libg_nano.a(libc_a-wsetup.o)
 .ARM.attributes
                0x00000212       0x2c C:/Users/hjeong/AppData/Local/Temp/claude/w--soc3050code/a559e7a7-84e8-4ace-bbb4-6c9199cf5364/scratchpad/xpack-arm-none-eabi-gcc-15.2.1-1.1/bin/../lib/gcc/arm-none-eabi/15.2.1/../../../../arm-none-eabi/lib/thumb/v6-m/nofp\libg_nano.a(libc_a-memset.o)
 .ARM.attributes
                0x0000023e       0x2c C:/Users/hjeong/AppData/Local/Temp/claude/w--soc3050code/a559e7a7-84e8-4ace-bbb4-6c9199cf5364/scratchpad/xpack-arm-none-eabi-gcc-15.2.1-1.1/bin/../lib/gcc/arm-none-eabi/15.2.1/../../../../arm-none-eabi/lib/thumb/v6-m/nofp\libg_nano.a(libc_a-closer.o)
 .ARM.attributes
                0x0000026a       0x2c C:/Users/hjeong/AppData/Local/Temp/claude/w--soc3050code/a559e7a7-84e8-4ace-bbb4-6c9199cf5364/scratchpad/xpack-arm-none-eabi-gcc-15.2.1-1.1/bin/../lib/gcc/arm-none-eabi/15.2.1/../../../../arm-none-eabi/lib/thumb/v6-m/nofp\libg_nano.a(libc_a-reent.o)
 .ARM.attributes
                0x00000296       0x2c C:/Users/hjeong/AppData/Local/Temp/claude/w--soc3050code/a559e7a7-84e8-4ace-bbb4-6c9199cf5364/scratchpad/xpack-arm-none-eabi-gcc-15.2.1-1.1/bin/../lib/gcc/arm-none-eabi/15.2.1/../../../../arm-none-eabi/lib/thumb/v6-m/nofp\libg_nano.a(libc_a-impure.o)
 .ARM.attributes
                0x000002c2       0x2c C:/Users/hjeong/AppData/Local/Temp/claude/w--soc3050code/a559e7a7-84e8-4ace-bbb4-6c9199cf5364/scratchpad/xpack-arm-none-eabi-gcc-15.2.1-1.1/bin/../lib/gcc/arm-none-eabi/15.2.1/../../../../arm-none-eabi/lib/thumb/v6-m/nofp\libg_nano.a(libc_a-lseekr.o)
 .ARM.attributes
                0x000002ee       0x2c C:/Users/hjeong/AppData/Local/Temp/claude/w--soc3050code/a559e7a7-84e8-4ace-bbb4-6c9199cf5364/scratchpad/xpack-arm-none-eabi-gcc-15.2.1-1.1/bin/../lib/gcc/arm-none-eabi/15.2.1/../../../../arm-none-eabi/lib/thumb/v6-m/nofp\libg_nano.a(libc_a-readr.o)
 .ARM.attributes
                0x0000031a       0x2c C:/Users/hjeong/AppData/Local/Temp/claude/w--soc3050code/a559e7a7-84e8-4ace-bbb4-6c9199cf5364/scratchpad/xpack-arm-none-eabi-gcc-15.2.1-1.1/bin/../lib/gcc/arm-none-eabi/15.2.1/../../../../arm-none-eabi/lib/thumb/v6-m/nofp\libg_nano.a(libc_a-writer.o)
 .ARM.attributes
                0x00000346       0x2c C:/Users/hjeong/AppData/Local/Temp/claude/w--soc3050code/a559e7a7-84e8-4ace-bbb4-6c9199cf5364/scratchpad/xpack-arm-none-eabi-gcc-15.2.1-1.1/bin/../lib/gcc/arm-none-eabi/15.2.1/../../../../arm-none-eabi/lib/thumb/v6-m/nofp\libg_nano.a(libc_a-init.o)
 .ARM.attributes
                0x00000372       0x2c C:/Users/hjeong/AppData/Local/Temp/claude/w--soc3050code/a559e7a7-84e8-4ace-bbb4-6c9199cf5364/scratchpad/xpack-arm-none-eabi-gcc-15.2.1-1.1/bin/../lib/gcc/arm-none-eabi/15.2.1/../../../../arm-none-eabi/lib/thumb/v6-m/nofp\libg_nano.a(libc_a-lock.o)
 .ARM.attributes
                0x0000039e       0x2c C:/Users/hjeong/AppData/Local/Temp/claude/w--soc3050code/a559e7a7-84e8-4ace-bbb4-6c9199cf5364/scratchpad/xpack-arm-none-eabi-gcc-15.2.1-1.1/bin/../lib/gcc/arm-none-eabi/15.2.1/../../../../arm-none-eabi/lib/thumb/v6-m/nofp\libg_nano.a(libc_a-freer.o)
 .ARM.attributes
                0x000003ca       0x2c C:/Users/hjeong/AppData/Local/Temp/claude/w--soc3050code/a559e7a7-84e8-4ace-bbb4-6c9199cf5364/scratchpad/xpack-arm-none-eabi-gcc-15.2.1-1.1/bin/../lib/gcc/arm-none-eabi/15.2.1/../../../../arm-none-eabi/lib/thumb/v6-m/nofp\libg_nano.a(libc_a-mallocr.o)
 .ARM.attributes
                0x000003f6       0x2c C:/Users/hjeong/AppData/Local/Temp/claude/w--soc3050code/a559e7a7-84e8-4ace-bbb4-6c9199cf5364/scratchpad/xpack-arm-none-eabi-gcc-15.2.1-1.1/bin/../lib/gcc/arm-none-eabi/15.2.1/../../../../arm-none-eabi/lib/thumb/v6-m/nofp\libg_nano.a(libc_a-mlock.o)
 .ARM.attributes
                0x00000422       0x2c C:/Users/hjeong/AppData/Local/Temp/claude/w--soc3050code/a559e7a7-84e8-4ace-bbb4-6c9199cf5364/scratchpad/xpack-arm-none-eabi-gcc-15.2.1-1.1/bin/../lib/gcc/arm-none-eabi/15.2.1/../../../../arm-none-eabi/lib/thumb/v6-m/nofp\libg_nano.a(libc_a-nano-vfprintf.o)
 .ARM.attributes
                0x0000044e       0x2c C:/Users/hjeong/AppData/Local/Temp/claude/w--soc3050code/a559e7a7-84e8-4ace-bbb4-6c9199cf5364/scratchpad/xpack-arm-none-eabi-gcc-15.2.1-1.1/bin/../lib/gcc/arm-none-eabi/15.2.1/../../../../arm-none-eabi/lib/thumb/v6-m/nofp\libg_nano.a(libc_a-nano-vfprintf_i.o)
 .ARM.attributes
                0x0000047a       0x2c C:/Users/hjeong/AppData/Local/Temp/claude/w--soc3050code/a559e7a7-84e8-4ace-bbb4-6c9199cf5364/scratchpad/xpack-arm-none-eabi-gcc-15.2.1-1.1/bin/../lib/gcc/arm-none-eabi/15.2.1/../../../../arm-none-eabi/lib/thumb/v6-m/nofp\libg_nano.a(libc_a-fflush.o)
 .ARM.attributes
                0x000004a6       0x2c C:/Users/hjeong/AppData/Local/Temp/claude/w--soc3050code/a559e7a7-84e8-4ace-bbb4-6c9199cf5364/scratchpad/xpack-arm-none-eabi-gcc-15.2.1-1.1/bin/../lib/gcc/arm-none-eabi/15.2.1/../../../../arm-none-eabi/lib/thumb/v6-m/nofp\libg_nano.a(libc_a-makebuf.o)
 .ARM.attributes
                0x000004d2       0x2c C:/Users/hjeong/AppData/Local/Temp/claude/w--soc3050code/a559e7a7-84e8-4ace-bbb4-6c9199cf5364/scratchpad/xpack-arm-none-eabi-gcc-15.2.1-1.1/bin/../lib/gcc/arm-none-eabi/15.2.1/../../../../arm-none-eabi/lib/thumb/v6-m/nofp\libg_nano.a(libc_a-fstatr.o)
 .ARM.attributes
                0x000004fe       0x2c C:/Users/hjeong/AppData/Local/Temp/claude/w--soc3050code/a559e7a7-84e8-4ace-bbb4-6c9199cf5364/scratchpad/xpack-arm-none-eabi-gcc-15.2.1-1.1/bin/../lib/gcc/arm-none-eabi/15.2.1/../../../../arm-none-eabi/lib/thumb/v6-m/nofp\libg_nano.a(libc_a-isattyr.o)
 .ARM.attributes
                0x0000052a       0x2c C:/Users/hjeong/AppData/Local/Temp/claude/w--soc3050code/a559e7a7-84e8-4ace-bbb4-6c9199cf5364/scratchpad/xpack-arm-none-eabi-gcc-15.2.1-1.1/bin/../lib/gcc/arm-none-eabi/15.2.1/../../../../arm-none-eabi/lib/thumb/v6-m/nofp\libg_nano.a(libc_a-sbrkr.o)
 .ARM.attributes
                0x00000556       0x2c C:/Users/hjeong/AppData/Local/Temp/claude/w--soc3050code/a559e7a7-84e8-4ace-bbb4-6c9199cf5364/scratchpad/xpack-arm-none-eabi-gcc-15.2.1-1.1/bin/../lib/gcc/arm-none-eabi/15.2.1/../../../../arm-none-eabi/lib/thumb/v6-m/nofp\libg_nano.a(libc_a-memchr-stub.o)
 .ARM.attributes
                0x00000582       0x1e C:/Users/hjeong/AppData/Local/Temp/claude/w--soc3050code/a559e7a7-84e8-4ace-bbb4-6c9199cf5364/scratchpad/xpack-arm-none-eabi-gcc-15.2.1-1.1/bin/../lib/gcc/arm-none-eabi/15.2.1/thumb/v6-m/nofp\libgcc.a(_thumb1_case_shi.o)
 .ARM.attributes
                0x000005a0       0x1e C:/Users/hjeong/AppData/Local/Temp/claude/w--soc3050code/a559e7a7-84e8-4ace-bbb4-6c9199cf5364/scratchpad/xpack-arm-none-eabi-gcc-15.2.1-1.1/bin/../lib/gcc/arm-none-eabi/15.2.1/thumb/v6-m/nofp/crtn.o
OUTPUT(Main.elf elf32-littlearm)
LOAD linker stubs

.comment        0x00000000       0x39
 .comment       0x00000000       0x39 C:/Users/hjeong/AppData/Local/Temp/claude/w--soc3050code/a559e7a7-84e8-4ace-bbb4-6c9199cf5364/scratchpad/xpack-arm-none-eabi-gcc-15.2.1-1.1/bin/../lib/gcc/arm-none-eabi/15.2.1/thumb/v6-m/nofp/crtbegin.o
                                 0x3a (size before relaxing)
 .comment       0x00000039        0x0 C:\Users\hjeong\AppData\Local\Temp\cck1q0Go.o
                                 0x3a (size before relaxing)
 .comment       0x00000039        0x0 C:\Users\hjeong\AppData\Local\Temp\ccaElU8P.o
                                 0x3a (size before relaxing)
 .comment       0x00000039        0x0 C:/Users/hjeong/AppData/Local/Temp/claude/w--soc3050code/a559e7a7-84e8-4ace-bbb4-6c9199cf5364/scratchpad/xpack-arm-none-eabi-gcc-15.2.1-1.1/bin/../lib/gcc/arm-none-eabi/15.2.1/../../../../arm-none-eabi/lib/thumb/v6-m/nofp\libg_nano.a(libc_a-findfp.o)
                                 0x3a (size before relaxing)
 .comment       0x00000039        0x0 C:/Users/hjeong/AppData/Local/Temp/claude/w--soc3050code/a559e7a7-84e8-4ace-bbb4-6c9199cf5364/scratchpad/xpack-arm-none-eabi-gcc-15.2.1-1.1/bin/../lib/gcc/arm-none-eabi/15.2.1/../../../../arm-none-eabi/lib/thumb/v6-m/nofp\libg_nano.a(libc_a-fwalk.o)
                                 0x3a (size before relaxing)
 .comment       0x00000039        0x0 C:/Users/hjeong/AppData/Local/Temp/claude/w--soc3050code/a559e7a7-84e8-4ace-bbb4-6c9199cf5364/scratchpad/xpack-arm-none-eabi-gcc-15.2.1-1.1/bin/../lib/gcc/arm-none-eabi/15.2.1/../../../../arm-none-eabi/lib/thumb/v6-m/nofp\libg_nano.a(libc_a-printf.o)
                                 0x3a (size before relaxing)
 .comment       0x00000039        0x0 C:/Users/hjeong/AppData/Local/Temp/claude/w--soc3050code/a559e7a7-84e8-4ace-bbb4-6c9199cf5364/scratchpad/xpack-arm-none-eabi-gcc-15.2.1-1.1/bin/../lib/gcc/arm-none-eabi/15.2.1/../../../../arm-none-eabi/lib/thumb/v6-m/nofp\libg_nano.a(libc_a-puts.o)
                                 0x3a (size before relaxing)
 .comment       0x00000039        0x0 C:/Users/hjeong/AppData/Local/Temp/claude/w--soc3050code/a559e7a7-84e8-4ace-bbb4-6c9199cf5364/scratchpad/xpack-arm-none-eabi-gcc-15.2.1-1.1/bin/../lib/gcc/arm-none-eabi/15.2.1/../../../../arm-none-eabi/lib/thumb/v6-m/nofp\libg_nano.a(libc_a-stdio.o)
                                 0x3a (size before relaxing)
 .comment       0x00000039        0x0 C:/Users/hjeong/AppData/Local/Temp/claude/w--soc3050code/a559e7a7-84e8-4ace-bbb4-6c9199cf5364/scratchpad/xpack-arm-none-eabi-gcc-15.2.1-1.1/bin/../lib/gcc/arm-none-eabi/15.2.1/../../../../arm-none-eabi/lib/thumb/v6-m/nofp\libg_nano.a(libc_a-wbuf.o)
                                 0x3a (size before relaxing)
 .comment       0x00000039        0x0 C:/Users/hjeong/AppData/Local/Temp/claude/w--soc3050code/a559e7a7-84e8-4ace-bbb4-6c9199cf5364/scratchpad/xpack-arm-none-eabi-gcc-15.2.1-1.1/bin/../lib/gcc/arm-none-eabi/15.2.1/../../../../arm-none-eabi/lib/thumb/v6-m/nofp\libg_nano.a(libc_a-wsetup.o)
                                 0x3a (size before relaxing)
 .comment       0x00000039        0x0 C:/Users/hjeong/AppData/Local/Temp/claude/w--soc3050code/a559e7a7-84e8-4ace-bbb4-6c9199cf5364/scratchpad/xpack-arm-none-eabi-gcc-15.2.1-1.1/bin/../lib/gcc/arm-none-eabi/15.2.1/../../../../arm-none-eabi/lib/thumb/v6-m/nofp\libg_nano.a(libc_a-memset.o)
                                 0x3a (size before relaxing)
 .comment       0x00000039        0x0 C:/Users/hjeong/AppData/Local/Temp/claude/w--soc3050code/a559e7a7-84e8-4ace-bbb4-6c9199cf5364/scratchpad/xpack-arm-none-eabi-gcc-15.2.1-1.1/bin/../lib/gcc/arm-none-eabi/15.2.1/../../../../arm-none-eabi/lib/thumb/v6-m/nofp\libg_nano.a(libc_a-closer.o)
                                 0x3a (size before relaxing)
 .comment       0x00000039        0x0 C:/Users/hjeong/AppData/Local/Temp/claude/w--soc3050code/a559e7a7-84e8-4ace-bbb4-6c9199cf5364/scratchpad/xpack-arm-none-eabi-gcc-15.2.1-1.1/bin/../lib/gcc/arm-none-eabi/15.2.1/../../../../arm-none-eabi/lib/thumb/v6-m/nofp\libg_nano.a(libc_a-reent.o)
                                 0x3a (size before relaxing)
 .comment       0x00000039        0x0 C:/Users/hjeong/AppData/Local/Temp/claude/w--soc3050code/a559e7a7-84e8-4ace-bbb4-6c9199cf5364/scratchpad/xpack-arm-none-eabi-gcc-15.2.1-1.1/bin/../lib/gcc/arm-none-eabi/15.2.1/../../../../arm-none-eabi/lib/thumb/v6-m/nofp\libg_nano.a(libc_a-impure.o)
                                 0x3a (size before relaxing)
 .comment       0x00000039        0x0 C:/Users/hjeong/AppData/Local/Temp/claude/w--soc3050code/a559e7a7-84e8-4ace-bbb4-6c9199cf5364/scratchpad/xpack-arm-none-eabi-gcc-15.2.1-1.1/bin/../lib/gcc/arm-none-eabi/15.2.1/../../../../arm-none-eabi/lib/thumb/v6-m/nofp\libg_nano.a(libc_a-lseekr.o)
                                 0x3a (size before relaxing)
 .comment       0x00000039        0x0 C:/Users/hjeong/AppData/Local/Temp/claude/w--soc3050code/a559e7a7-84e8-4ace-bbb4-6c9199cf5364/scratchpad/xpack-arm-none-eabi-gcc-15.2.1-1.1/bin/../lib/gcc/arm-none-eabi/15.2.1/../../../../arm-none-eabi/lib/thumb/v6-m/nofp\libg_nano.a(libc_a-readr.o)
                                 0x3a (size before relaxing)
 .comment       0x00000039        0x0 C:/Users/hjeong/AppData/Local/Temp/claude/w--soc3050code/a559e7a7-84e8-4ace-bbb4-6c9199cf5364/scratchpad/xpack-arm-none-eabi-gcc-15.2.1-1.1/bin/../lib/gcc/arm-none-eabi/15.2.1/../../../../arm-none-eabi/lib/thumb/v6-m/nofp\libg_nano.a(libc_a-writer.o)
                                 0x3a (size before relaxing)
 .comment       0x00000039        0x0 C:/Users/hjeong/AppData/Local/Temp/claude/w--soc3050code/a559e7a7-84e8-4ace-bbb4-6c9199cf5364/scratchpad/xpack-arm-none-eabi-gcc-15.2.1-1.1/bin/../lib/gcc/arm-none-eabi/15.2.1/../../../../arm-none-eabi/lib/thumb/v6-m/nofp\libg_nano.a(libc_a-init.o)
                                 0x3a (size before relaxing)
 .comment       0x00000039        0x0 C:/Users/hjeong/AppData/Local/Temp/claude/w--soc3050code/a559e7a7-84e8-4ace-bbb4-6c9199cf5364/scratchpad/xpack-arm-none-eabi-gcc-15.2.1-1.1/bin/../lib/gcc/arm-none-eabi/15.2.1/../../../../arm-none-eabi/lib/thumb/v6-m/nofp\libg_nano.a(libc_a-lock.o)
                                 0x3a (size before relaxing)
 .comment       0x00000039        0x0 C:/Users/hjeong/AppData/Local/Temp/claude/w--soc3050code/a559e7a7-84e8-4ace-bbb4-6c9199cf5364/scratchpad/xpack-arm-none-eabi-gcc-15.2.1-1.1/bin/../lib/gcc/arm-none-eabi/15.2.1/../../../../arm-none-eabi/lib/thumb/v6-m/nofp\libg_nano.a(libc_a-freer.o)
                                 0x3a (size before relaxing)
 .comment       0x00000039        0x0 C:/Users/hjeong/AppData/Local/Temp/claude/w--soc3050code/a559e7a7-84e8-4ace-bbb4-6c9199cf5364/scratchpad/xpack-arm-none-eabi-gcc-15.2.1-1.1/bin/../lib/gcc/arm-none-eabi/15.2.1/../../../../arm-none-eabi/lib/thumb/v6-m/nofp\libg_nano.a(libc_a-mallocr.o)
                                 0x3a (size before relaxing)
 .comment       0x00000039        0x0 C:/Users/hjeong/AppData/Local/Temp/claude/w--soc3050code/a559e7a7-84e8-4ace-bbb4-6c9199cf5364/scratchpad/xpack-arm-none-eabi-gcc-15.2.1-1.1/bin/../lib/gcc/arm-none-eabi/15.2.1/../../../../arm-none-eabi/lib/thumb/v6-m/nofp\libg_nano.a(libc_a-mlock.o)
                                 0x3a (size before relaxing)
 .comment       0x00000039        0x0 C:/Users/hjeong/AppData/Local/Temp/claude/w--soc3050code/a559e7a7-84e8-4ace-bbb4-6c9199cf5364/scratchpad/xpack-arm-none-eabi-gcc-15.2.1-1.1/bin/../lib/gcc/arm-none-eabi/15.2.1/../../../../arm-none-eabi/lib/thumb/v6-m/nofp\libg_nano.a(libc_a-nano-vfprintf.o)
                                 0x3a (size before relaxing)
 .comment       0x00000039        0x0 C:/Users/hjeong/AppData/Local/Temp/claude/w--soc3050code/a559e7a7-84e8-4ace-bbb4-6c9199cf5364/scratchpad/xpack-arm-none-eabi-gcc-15.2.1-1.1/bin/../lib/gcc/arm-none-eabi/15.2.1/../../../../arm-none-eabi/lib/thumb/v6-m/nofp\libg_nano.a(libc_a-nano-vfprintf_i.o)
                                 0x3a (size before relaxing)
 .comment       0x00000039        0x0 C:/Users/hjeong/AppData/Local/Temp/claude/w--soc3050code/a559e7a7-84e8-4ace-bbb4-6c9199cf5364/scratchpad/xpack-arm-none-eabi-gcc-15.2.1-1.1/bin/../lib/gcc/arm-none-eabi/15.2.1/../../../../arm-none-eabi/lib/thumb/v6-m/nofp\libg_nano.a(libc_a-fflush.o)
                                 0x3a (size before relaxing)
 .comment       0x00000039        0x0 C:/Users/hjeong/AppData/Local/Temp/claude/w--soc3050code/a559e7a7-84e8-4ace-bbb4-6c9199cf5364/scratchpad/xpack-arm-none-eabi-gcc-15.2.1-1.1/bin/../lib/gcc/arm-none-eabi/15.2.1/../../../../arm-none-eabi/lib/thumb/v6-m/nofp\libg_nano.a(libc_a-makebuf.o)
                                 0x3a (size before relaxing)
 .comment       0x00000039        0x0 C:/Users/hjeong/AppData/Local/Temp/claude/w--soc3050code/a559e7a7-84e8-4ace-bbb4-6c9199cf5364/scratchpad/xpack-arm-none-eabi-gcc-15.2.1-1.1/bin/../lib/gcc/arm-none-eabi/15.2.1/../../../../arm-none-eabi/lib/thumb/v6-m/nofp\libg_nano.a(libc_a-fstatr.o)
                                 0x3a (size before relaxing)
 .comment       0x00000039        0x0 C:/Users/hjeong/AppData/Local/Temp/claude/w--soc3050code/a559e7a7-84e8-4ace-bbb4-6c9199cf5364/scratchpad/xpack-arm-none-eabi-gcc-15.2.1-1.1/bin/../lib/gcc/arm-none-eabi/15.2.1/../../../../arm-none-eabi/lib/thumb/v6-m/nofp\libg_nano.a(libc_a-isattyr.o)
                                 0x3a (size before relaxing)
 .comment       0x00000039        0x0 C:/Users/hjeong/AppData/Local/Temp/claude/w--soc3050code/a559e7a7-84e8-4ace-bbb4-6c9199cf5364/scratchpad/xpack-arm-none-eabi-gcc-15.2.1-1.1/bin/../lib/gcc/arm-none-eabi/15.2.1/../../../../arm-none-eabi/lib/thumb/v6-m/nofp\libg_nano.a(libc_a-sbrkr.o)
                                 0x3a (size before relaxing)
 .comment       0x00000039        0x0 C:/Users/hjeong/AppData/Local/Temp/claude/w--soc3050code/a559e7a7-84e8-4ace-bbb4-6c9199cf5364/scratchpad/xpack-arm-none-eabi-gcc-15.2.1-1.1/bin/../lib/gcc/arm-none-eabi/15.2.1/../../../../arm-none-eabi/lib/thumb/v6-m/nofp\libg_nano.a(libc_a-memchr-stub.o)
                                 0x3a (size before relaxing)

.debug_info     0x00000000      0xac0
 .debug_info    0x00000000      0x2c0 C:\Users\hjeong\AppData\Local\Temp\cck1q0Go.o
 .debug_info    0x000002c0      0x755 C:\Users\hjeong\AppData\Local\Temp\ccaElU8P.o
 .debug_info    0x00000a15       0x3e C:/Users/hjeong/AppData/Local/Temp/claude/w--soc3050code/a559e7a7-84e8-4ace-bbb4-6c9199cf5364/scratchpad/xpack-arm-none-eabi-gcc-15.2.1-1.1/bin/../lib/gcc/arm-none-eabi/15.2.1/thumb/v6-m/nofp\libgcc.a(_udivsi3.o)
 .debug_info    0x00000a53       0x3c C:/Users/hjeong/AppData/Local/Temp/claude/w--soc3050code/a559e7a7-84e8-4ace-bbb4-6c9199cf5364/scratchpad/xpack-arm-none-eabi-gcc-15.2.1-1.1/bin/../lib/gcc/arm-none-eabi/15.2.1/thumb/v6-m/nofp\libgcc.a(_dvmd_tls.o)
 .debug_info    0x00000a8f       0x31 C:/Users/hjeong/AppData/Local/Temp/claude/w--soc3050code/a559e7a7-84e8-4ace-bbb4-6c9199cf5364/scratchpad/xpack-arm-none-eabi-gcc-15.2.1-1.1/bin/../lib/gcc/arm-none-eabi/15.2.1/thumb/v6-m/nofp\libgcc.a(_thumb1_case_shi.o)

.debug_abbrev   0x00000000      0x4d3
 .debug_abbrev  0x00000000      0x16f C:\Users\hjeong\AppData\Local\Temp\cck1q0Go.o
 .debug_abbrev  0x0000016f      0x2ee C:\Users\hjeong\AppData\Local\Temp\ccaElU8P.o
 .debug_abbrev  0x0000045d       0x28 C:/Users/hjeong/AppData/Local/Temp/claude/w--soc3050code/a559e7a7-84e8-4ace-bbb4-6c9199cf5364/scratchpad/xpack-arm-none-eabi-gcc-15.2.1-1.1/bin/../lib/gcc/arm-none-eabi/15.2.1/thumb/v6-m/nofp\libgcc.a(_udivsi3.o)
 .debug_abbrev  0x00000485       0x26 C:/Users/hjeong/AppData/Local/Temp/claude/w--soc3050code/a559e7a7-84e8-4ace-bbb4-6c9199cf5364/scratchpad/xpack-arm-none-eabi-gcc-15.2.1-1.1/bin/../lib/gcc/arm-none-eabi/15.2.1/thumb/v6-m/nofp\libgcc.a(_dvmd_tls.o)
 .debug_abbrev  0x000004ab       0x28 C:/Users/hjeong/AppData/Local/Temp/claude/w--soc3050code/a559e7a7-84e8-4ace-bbb4-6c9199cf5364/scratchpad/xpack-arm-none-eabi-gcc-15.2.1-1.1/bin/../lib/gcc/arm-none-eabi/15.2.1/thumb/v6-m/nofp\libgcc.a(_thumb1_case_shi.o)

.debug_loclists
                0x00000000      0x188
 .debug_loclists
                0x00000000       0x47 C:\Users\hjeong\AppData\Local\Temp\cck1q0Go.o
 .debug_loclists
                0x00000047      0x141 C:\Users\hjeong\AppData\Local\Temp\ccaElU8P.o

.debug_aranges  0x00000000      0x100
 .debug_aranges
                0x00000000       0x30 C:\Users\hjeong\AppData\Local\Temp\cck1q0Go.o
 .debug_aranges
                0x00000030       0x70 C:\Users\hjeong\AppData\Local\Temp\ccaElU8P.o
 .debug_aranges
                0x000000a0       0x20 C:/Users/hjeong/AppData/Local/Temp/claude/w--soc3050code/a559e7a7-84e8-4ace-bbb4-6c9199cf5364/scratchpad/xpack-arm-none-eabi-gcc-15.2.1-1.1/bin/../lib/gcc/arm-none-eabi/15.2.1/thumb/v6-m/nofp\libgcc.a(_udivsi3.o)
 .debug_aranges
                0x000000c0       0x20 C:/Users/hjeong/AppData/Local/Temp/claude/w--soc3050code/a559e7a7-84e8-4ace-bbb4-6c9199cf5364/scratchpad/xpack-arm-none-eabi-gcc-15.2.1-1.1/bin/../lib/gcc/arm-none-eabi/15.2.1/thumb/v6-m/nofp\libgcc.a(_dvmd_tls.o)
 .debug_aranges
                0x000000e0       0x20 C:/Users/hjeong/AppData/Local/Temp/claude/w--soc3050code/a559e7a7-84e8-4ace-bbb4-6c9199cf5364/scratchpad/xpack-arm-none-eabi-gcc-15.2.1-1.1/bin/../lib/gcc/arm-none-eabi/15.2.1/thumb/v6-m/nofp\libgcc.a(_thumb1_case_shi.o)

.debug_rnglists
                0x00000000       0xa5
 .debug_rnglists
                0x00000000       0x1f C:\Users\hjeong\AppData\Local\Temp\cck1q0Go.o
 .debug_rnglists
                0x0000001f       0x86 C:\Users\hjeong\AppData\Local\Temp\ccaElU8P.o

.debug_macro    0x00000000     0xa262
 .debug_macro   0x00000000       0xca C:\Users\hjeong\AppData\Local\Temp\cck1q0Go.o
 .debug_macro   0x000000ca      0xac0 C:\Users\hjeong\AppData\Local\Temp\cck1q0Go.o
 .debug_macro   0x00000b8a       0x22 C:\Users\hjeong\AppData\Local\Temp\cck1q0Go.o
 .debug_macro   0x00000bac       0x56 C:\Users\hjeong\AppData\Local\Temp\cck1q0Go.o
 .debug_macro   0x00000c02       0x51 C:\Users\hjeong\AppData\Local\Temp\cck1q0Go.o
 .debug_macro   0x00000c53      0x103 C:\Users\hjeong\AppData\Local\Temp\cck1q0Go.o
 .debug_macro   0x00000d56       0x6a C:\Users\hjeong\AppData\Local\Temp\cck1q0Go.o
 .debug_macro   0x00000dc0      0x1df C:\Users\hjeong\AppData\Local\Temp\cck1q0Go.o
 .debug_macro   0x00000f9f       0x28 C:\Users\hjeong\AppData\Local\Temp\cck1q0Go.o
 .debug_macro   0x00000fc7       0x40 C:\Users\hjeong\AppData\Local\Temp\cck1q0Go.o
 .debug_macro   0x00001007       0x10 C:\Users\hjeong\AppData\Local\Temp\cck1q0Go.o
 .debug_macro   0x00001017       0x2e C:\Users\hjeong\AppData\Local\Temp\cck1q0Go.o
 .debug_macro   0x00001045       0xb4 C:\Users\hjeong\AppData\Local\Temp\cck1q0Go.o
 .debug_macro   0x000010f9       0x28 C:\Users\hjeong\AppData\Local\Temp\cck1q0Go.o
 .debug_macro   0x00001121      0x3bc C:\Users\hjeong\AppData\Local\Temp\cck1q0Go.o
 .debug_macro   0x000014dd     0x8137 C:\Users\hjeong\AppData\Local\Temp\cck1q0Go.o
 .debug_macro   0x00009614      0x1b3 C:\Users\hjeong\AppData\Local\Temp\ccaElU8P.o
 .debug_macro   0x000097c7       0x61 C:\Users\hjeong\AppData\Local\Temp\ccaElU8P.o
 .debug_macro   0x00009828       0x24 C:\Users\hjeong\AppData\Local\Temp\ccaElU8P.o
 .debug_macro   0x0000984c       0x43 C:\Users\hjeong\AppData\Local\Temp\ccaElU8P.o
 .debug_macro   0x0000988f       0x34 C:\Users\hjeong\AppData\Local\Temp\ccaElU8P.o
 .debug_macro   0x000098c3       0x16 C:\Users\hjeong\AppData\Local\Temp\ccaElU8P.o
 .debug_macro   0x000098d9       0x9e C:\Users\hjeong\AppData\Local\Temp\ccaElU8P.o
 .debug_macro   0x00009977      0x364 C:\Users\hjeong\AppData\Local\Temp\ccaElU8P.o
 .debug_macro   0x00009cdb      0x112 C:\Users\hjeong\AppData\Local\Temp\ccaElU8P.o
 .debug_macro   0x00009ded       0x10 C:\Users\hjeong\AppData\Local\Temp\ccaElU8P.o
 .debug_macro   0x00009dfd       0x16 C:\Users\hjeong\AppData\Local\Temp\ccaElU8P.o
 .debug_macro   0x00009e13       0x4a C:\Users\hjeong\AppData\Local\Temp\ccaElU8P.o
 .debug_macro   0x00009e5d       0x34 C:\Users\hjeong\AppData\Local\Temp\ccaElU8P.o
 .debug_macro   0x00009e91       0x10 C:\Users\hjeong\AppData\Local\Temp\ccaElU8P.o
 .debug_macro   0x00009ea1       0x58 C:\Users\hjeong\AppData\Local\Temp\ccaElU8P.o
 .debug_macro   0x00009ef9       0x8e C:\Users\hjeong\AppData\Local\Temp\ccaElU8P.o
 .debug_macro   0x00009f87       0x1c C:\Users\hjeong\AppData\Local\Temp\ccaElU8P.o
 .debug_macro   0x00009fa3      0x17e C:\Users\hjeong\AppData\Local\Temp\ccaElU8P.o
 .debug_macro   0x0000a121       0x16 C:\Users\hjeong\AppData\Local\Temp\ccaElU8P.o
 .debug_macro   0x0000a137       0x16 C:\Users\hjeong\AppData\Local\Temp\ccaElU8P.o
 .debug_macro   0x0000a14d      0x115 C:\Users\hjeong\AppData\Local\Temp\ccaElU8P.o

.debug_line     0x00000000     0x1141
 .debug_line    0x00000000      0x694 C:\Users\hjeong\AppData\Local\Temp\cck1q0Go.o
 .debug_line    0x00000694      0x9ba C:\Users\hjeong\AppData\Local\Temp\ccaElU8P.o
 .debug_line    0x0000104e       0x56 C:/Users/hjeong/AppData/Local/Temp/claude/w--soc3050code/a559e7a7-84e8-4ace-bbb4-6c9199cf5364/scratchpad/xpack-arm-none-eabi-gcc-15.2.1-1.1/bin/../lib/gcc/arm-none-eabi/15.2.1/thumb/v6-m/nofp\libgcc.a(_udivsi3.o)
 .debug_line    0x000010a4       0x4a C:/Users/hjeong/AppData/Local/Temp/claude/w--soc3050code/a559e7a7-84e8-4ace-bbb4-6c9199cf5364/scratchpad/xpack-arm-none-eabi-gcc-15.2.1-1.1/bin/../lib/gcc/arm-none-eabi/15.2.1/thumb/v6-m/nofp\libgcc.a(_dvmd_tls.o)
 .debug_line    0x000010ee       0x53 C:/Users/hjeong/AppData/Local/Temp/claude/w--soc3050code/a559e7a7-84e8-4ace-bbb4-6c9199cf5364/scratchpad/xpack-arm-none-eabi-gcc-15.2.1-1.1/bin/../lib/gcc/arm-none-eabi/15.2.1/thumb/v6-m/nofp\libgcc.a(_thumb1_case_shi.o)

.debug_str      0x00000000    0x36394
 .debug_str     0x00000000    0x36394 C:\Users\hjeong\AppData\Local\Temp\cck1q0Go.o
                              0x329a0 (size before relaxing)
 .debug_str     0x00036394        0x0 C:\Users\hjeong\AppData\Local\Temp\ccaElU8P.o
                              0x3638f (size before relaxing)
 .debug_str     0x00036394        0x0 C:/Users/hjeong/AppData/Local/Temp/claude/w--soc3050code/a559e7a7-84e8-4ace-bbb4-6c9199cf5364/scratchpad/xpack-arm-none-eabi-gcc-15.2.1-1.1/bin/../lib/gcc/arm-none-eabi/15.2.1/thumb/v6-m/nofp\libgcc.a(_udivsi3.o)
                                0x1af (size before relaxing)
 .debug_str     0x00036394        0x0 C:/Users/hjeong/AppData/Local/Temp/claude/w--soc3050code/a559e7a7-84e8-4ace-bbb4-6c9199cf5364/scratchpad/xpack-arm-none-eabi-gcc-15.2.1-1.1/bin/../lib/gcc/arm-none-eabi/15.2.1/thumb/v6-m/nofp\libgcc.a(_dvmd_tls.o)
                                0x1b0 (size before relaxing)
 .debug_str     0x00036394        0x0 C:/Users/hjeong/AppData/Local/Temp/claude/w--soc3050code/a559e7a7-84e8-4ace-bbb4-6c9199cf5364/scratchpad/xpack-arm-none-eabi-gcc-15.2.1-1.1/bin/../lib/gcc/arm-none-eabi/15.2.1/thumb/v6-m/nofp\libgcc.a(_thumb1_case_shi.o)
                                0x1aa (size before relaxing)

.debug_frame    0x00000000      0x144
 .debug_frame   0x00000000       0x48 C:\Users\hjeong\AppData\Local\Temp\cck1q0Go.o
 .debug_frame   0x00000048       0xdc C:\Users\hjeong\AppData\Local\Temp\ccaElU8P.o
 .debug_frame   0x00000124       0x20 C:/Users/hjeong/AppData/Local/Temp/claude/w--soc3050code/a559e7a7-84e8-4ace-bbb4-6c9199cf5364/scratchpad/xpack-arm-none-eabi-gcc-15.2.1-1.1/bin/../lib/gcc/arm-none-eabi/15.2.1/thumb/v6-m/nofp\libgcc.a(_udivsi3.o)

.debug_line_str
                0x00000000      0x186
 .debug_line_str
                0x00000000      0x186 C:/Users/hjeong/AppData/Local/Temp/claude/w--soc3050code/a559e7a7-84e8-4ace-bbb4-6c9199cf5364/scratchpad/xpack-arm-none-eabi-gcc-15.2.1-1.1/bin/../lib/gcc/arm-none-eabi/15.2.1/thumb/v6-m/nofp\libgcc.a(_udivsi3.o)
 .debug_line_str
                0x00000186        0x0 C:/Users/hjeong/AppData/Local/Temp/claude/w--soc3050code/a559e7a7-84e8-4ace-bbb4-6c9199cf5364/scratchpad/xpack-arm-none-eabi-gcc-15.2.1-1.1/bin/../lib/gcc/arm-none-eabi/15.2.1/thumb/v6-m/nofp\libgcc.a(_dvmd_tls.o)
                                0x186 (size before relaxing)
 .debug_line_str
                0x00000186        0x0 C:/Users/hjeong/AppData/Local/Temp/claude/w--soc3050code/a559e7a7-84e8-4ace-bbb4-6c9199cf5364/scratchpad/xpack-arm-none-eabi-gcc-15.2.1-1.1/bin/../lib/gcc/arm-none-eabi/15.2.1/thumb/v6-m/nofp\libgcc.a(_thumb1_case_shi.o)
                                0x186 (size before relaxing)
